Archive member included to satisfy reference by file (symbol)

C:/ST/STM32CubeIDE_1.19.0/STM32CubeIDE/plugins/com.st.stm32cube.ide.mcu.externaltools.gnu-tools-for-stm32.13.3.rel1.win32_1.0.0.202411081344/tools/bin/../lib/gcc/arm-none-eabi/13.3.1/../../../../arm-none-eabi/lib/thumb/v7-m/nofp\libc_nano.a(libc_a-exit.o)
                              C:/ST/STM32CubeIDE_1.19.0/STM32CubeIDE/plugins/com.st.stm32cube.ide.mcu.externaltools.gnu-tools-for-stm32.13.3.rel1.win32_1.0.0.202411081344/tools/bin/../lib/gcc/arm-none-eabi/13.3.1/../../../../arm-none-eabi/lib/thumb/v7-m/nofp/crt0.o (exit)
C:/ST/STM32CubeIDE_1.19.0/STM32CubeIDE/plugins/com.st.stm32cube.ide.mcu.externaltools.gnu-tools-for-stm32.13.3.rel1.win32_1.0.0.202411081344/tools/bin/../lib/gcc/arm-none-eabi/13.3.1/../../../../arm-none-eabi/lib/thumb/v7-m/nofp\libc_nano.a(libc_a-findfp.o)
                              C:/ST/STM32CubeIDE_1.19.0/STM32CubeIDE/plugins/com.st.stm32cube.ide.mcu.externaltools.gnu-tools-for-stm32.13.3.rel1.win32_1.0.0.202411081344/tools/bin/../lib/gcc/arm-none-eabi/13.3.1/../../../../arm-none-eabi/lib/thumb/v7-m/nofp\libc_nano.a(libc_a-exit.o) (__stdio_exit_handler)
C:/ST/STM32CubeIDE_1.19.0/STM32CubeIDE/plugins/com.st.stm32cube.ide.mcu.externaltools.gnu-tools-for-stm32.13.3.rel1.win32_1.0.0.202411081344/tools/bin/../lib/gcc/arm-none-eabi/13.3.1/../../../../arm-none-eabi/lib/thumb/v7-m/nofp\libc_nano.a(libc_a-fwalk.o)
                              C:/ST/STM32CubeIDE_1.19.0/STM32CubeIDE/plugins/com.st.stm32cube.ide.mcu.externaltools.gnu-tools-for-stm32.13.3.rel1.win32_1.0.0.202411081344/tools/bin/../lib/gcc/arm-none-eabi/13.3.1/../../../../arm-none-eabi/lib/thumb/v7-m/nofp\libc_nano.a(libc_a-findfp.o) (_fwalk_sglue)
C:/ST/STM32CubeIDE_1.19.0/STM32CubeIDE/plugins/com.st.stm32cube.ide.mcu.externaltools.gnu-tools-for-stm32.13.3.rel1.win32_1.0.0.202411081344/tools/bin/../lib/gcc/arm-none-eabi/13.3.1/../../../../arm-none-eabi/lib/thumb/v7-m/nofp\libc_nano.a(libc_a-stdio.o)
                              C:/ST/STM32CubeIDE_1.19.0/STM32CubeIDE/plugins/com.st.stm32cube.ide.mcu.externaltools.gnu-tools-for-stm32.13.3.rel1.win32_1.0.0.202411081344/tools/bin/../lib/gcc/arm-none-eabi/13.3.1/../../../../arm-none-eabi/lib/thumb/v7-m/nofp\libc_nano.a(libc_a-findfp.o) (__sread)
C:/ST/STM32CubeIDE_1.19.0/STM32CubeIDE/plugins/com.st.stm32cube.ide.mcu.externaltools.gnu-tools-for-stm32.13.3.rel1.win32_1.0.0.202411081344/tools/bin/../lib/gcc/arm-none-eabi/13.3.1/../../../../arm-none-eabi/lib/thumb/v7-m/nofp\libc_nano.a(libc_a-memset.o)
                              C:/ST/STM32CubeIDE_1.19.0/STM32CubeIDE/plugins/com.st.stm32cube.ide.mcu.externaltools.gnu-tools-for-stm32.13.3.rel1.win32_1.0.0.202411081344/tools/bin/../lib/gcc/arm-none-eabi/13.3.1/../../../../arm-none-eabi/lib/thumb/v7-m/nofp/crt0.o (memset)
C:/ST/STM32CubeIDE_1.19.0/STM32CubeIDE/plugins/com.st.stm32cube.ide.mcu.externaltools.gnu-tools-for-stm32.13.3.rel1.win32_1.0.0.202411081344/tools/bin/../lib/gcc/arm-none-eabi/13.3.1/../../../../arm-none-eabi/lib/thumb/v7-m/nofp\libc_nano.a(libc_a-closer.o)
                              C:/ST/STM32CubeIDE_1.19.0/STM32CubeIDE/plugins/com.st.stm32cube.ide.mcu.externaltools.gnu-tools-for-stm32.13.3.rel1.win32_1.0.0.202411081344/tools/bin/../lib/gcc/arm-none-eabi/13.3.1/../../../../arm-none-eabi/lib/thumb/v7-m/nofp\libc_nano.a(libc_a-stdio.o) (_close_r)
C:/ST/STM32CubeIDE_1.19.0/STM32CubeIDE/plugins/com.st.stm32cube.ide.mcu.externaltools.gnu-tools-for-stm32.13.3.rel1.win32_1.0.0.202411081344/tools/bin/../lib/gcc/arm-none-eabi/13.3.1/../../../../arm-none-eabi/lib/thumb/v7-m/nofp\libc_nano.a(libc_a-reent.o)
                              C:/ST/STM32CubeIDE_1.19.0/STM32CubeIDE/plugins/com.st.stm32cube.ide.mcu.externaltools.gnu-tools-for-stm32.13.3.rel1.win32_1.0.0.202411081344/tools/bin/../lib/gcc/arm-none-eabi/13.3.1/../../../../arm-none-eabi/lib/thumb/v7-m/nofp\libc_nano.a(libc_a-closer.o) (errno)
C:/ST/STM32CubeIDE_1.19.0/STM32CubeIDE/plugins/com.st.stm32cube.ide.mcu.externaltools.gnu-tools-for-stm32.13.3.rel1.win32_1.0.0.202411081344/tools/bin/../lib/gcc/arm-none-eabi/13.3.1/../../../../arm-none-eabi/lib/thumb/v7-m/nofp\libc_nano.a(libc_a-impure.o)
                              C:/ST/STM32CubeIDE_1.19.0/STM32CubeIDE/plugins/com.st.stm32cube.ide.mcu.externaltools.gnu-tools-for-stm32.13.3.rel1.win32_1.0.0.202411081344/tools/bin/../lib/gcc/arm-none-eabi/13.3.1/../../../../arm-none-eabi/lib/thumb/v7-m/nofp\libc_nano.a(libc_a-reent.o) (_impure_ptr)
C:/ST/STM32CubeIDE_1.19.0/STM32CubeIDE/plugins/com.st.stm32cube.ide.mcu.externaltools.gnu-tools-for-stm32.13.3.rel1.win32_1.0.0.202411081344/tools/bin/../lib/gcc/arm-none-eabi/13.3.1/../../../../arm-none-eabi/lib/thumb/v7-m/nofp\libc_nano.a(libc_a-lseekr.o)
[...]
Memory Configuration

Name             Origin             Length             Attributes
RAM              0x20000000         0x00005000         xrw
FLASH            0x08000000         0x00010000         xr
*default*        0x00000000         0xffffffff

Linker script and memory map

LOAD C:/ST/STM32CubeIDE_1.19.0/STM32CubeIDE/plugins/com.st.stm32cube.ide.mcu.externaltools.gnu-tools-for-stm32.13.3.rel1.win32_1.0.0.202411081344/tools/bin/../lib/gcc/arm-none-eabi/13.3.1/thumb/v7-m/nofp/crti.o
LOAD C:/ST/STM32CubeIDE_1.19.0/STM32CubeIDE/plugins/com.st.stm32cube.ide.mcu.externaltools.gnu-tools-for-stm32.13.3.rel1.win32_1.0.0.202411081344/tools/bin/../lib/gcc/arm-none-eabi/13.3.1/thumb/v7-m/nofp/crtbegin.o
LOAD C:/ST/STM32CubeIDE_1.19.0/STM32CubeIDE/plugins/com.st.stm32cube.ide.mcu.externaltools.gnu-tools-for-stm32.13.3.rel1.win32_1.0.0.202411081344/tools/bin/../lib/gcc/arm-none-eabi/13.3.1/../../../../arm-none-eabi/lib/thumb/v7-m/nofp/crt0.o
LOAD ./Core/Src/GPIO.o
LOAD ./Core/Src/firmware.o
LOAD ./Core/Src/main.o
LOAD ./Core/Src/stm32f1xx_hal_msp.o
LOAD ./Core/Src/stm32f1xx_it.o
LOAD ./Core/Src/syscalls.o
LOAD ./Core/Src/sysmem.o
LOAD ./Core/Src/system_stm32f1xx.o
LOAD ./Core/Startup/startup_stm32f103c8tx.o
LOAD ./Drivers/STM32F1xx_HAL_Driver/Src/stm32f1xx_hal.o
LOAD ./Drivers/STM32F1xx_HAL_Driver/Src/stm32f1xx_hal_cortex.o
LOAD ./Drivers/STM32F1xx_HAL_Driver/Src/stm32f1xx_hal_dma.o
LOAD ./Drivers/STM32F1xx_HAL_Driver/Src/stm32f1xx_hal_exti.o
LOAD ./Drivers/STM32F1xx_HAL_Driver/Src/stm32f1xx_hal_flash.o
LOAD ./Drivers/STM32F1xx_HAL_Driver/Src/stm32f1xx_hal_flash_ex.o
LOAD ./Drivers/STM32F1xx_HAL_Driver/Src/stm32f1xx_hal_gpio.o
LOAD ./Drivers/STM32F1xx_HAL_Driver/Src/stm32f1xx_hal_gpio_ex.o
LOAD ./Drivers/STM32F1xx_HAL_Driver/Src/stm32f1xx_hal_pcd.o
LOAD ./Drivers/STM32F1xx_HAL_Driver/Src/stm32f1xx_hal_pcd_ex.o
LOAD ./Drivers/STM32F1xx_HAL_Driver/Src/stm32f1xx_hal_pwr.o
LOAD ./Drivers/STM32F1xx_HAL_Driver/Src/stm32f1xx_hal_rcc.o
LOAD ./Drivers/STM32F1xx_HAL_Driver/Src/stm32f1xx_hal_rcc_ex.o
LOAD ./Drivers/STM32F1xx_HAL_Driver/Src/stm32f1xx_hal_uart.o
LOAD ./Drivers/STM32F1xx_HAL_Driver/Src/stm32f1xx_ll_usb.o
LOAD ./Middlewares/ST/STM32_USB_Device_Library/Class/CDC/Src/usbd_cdc.o
LOAD ./Middlewares/ST/STM32_USB_Device_Library/Core/Src/usbd_core.o
LOAD ./Middlewares/ST/STM32_USB_Device_Library/Core/Src/usbd_ctlreq.o
LOAD ./Middlewares/ST/STM32_USB_Device_Library/Core/Src/usbd_ioreq.o
LOAD ./USB_DEVICE/App/usb_device.o
LOAD ./USB_DEVICE/App/usbd_cdc_if.o
LOAD ./USB_DEVICE/App/usbd_desc.o
LOAD ./USB_DEVICE/Target/usbd_conf.o
START GROUP
LOAD C:/ST/STM32CubeIDE_1.19.0/STM32CubeIDE/plugins/com.st.stm32cube.ide.mcu.externaltools.gnu-tools-for-stm32.13.3.rel1.win32_1.0.0.202411081344/tools/bin/../lib/gcc/arm-none-eabi/13.3.1/../../../../arm-none-eabi/lib/thumb/v7-m/nofp\libstdc++_nano.a
LOAD C:/ST/STM32CubeIDE_1.19.0/STM32CubeIDE/plugins/com.st.stm32cube.ide.mcu.externaltools.gnu-tools-for-stm32.13.3.rel1.win32_1.0.0.202411081344/tools/bin/../lib/gcc/arm-none-eabi/13.3.1/../../../../arm-none-eabi/lib/thumb/v7-m/nofp\libsupc++_nano.a
END GROUP
LOAD C:/ST/STM32CubeIDE_1.19.0/STM32CubeIDE/plugins/com.st.stm32cube.ide.mcu.externaltools.gnu-tools-for-stm32.13.3.rel1.win32_1.0.0.202411081344/tools/bin/../lib/gcc/arm-none-eabi/13.3.1/../../../../arm-none-eabi/lib/thumb/v7-m/nofp\libstdc++_nano.a
LOAD C:/ST/STM32CubeIDE_1.19.0/STM32CubeIDE/plugins/com.st.stm32cube.ide.mcu.externaltools.gnu-tools-for-stm32.13.3.rel1.win32_1.0.0.202411081344/tools/bin/../lib/gcc/arm-none-eabi/13.3.1/../../../../arm-none-eabi/lib/thumb/v7-m/nofp\libm.a
LOAD C:/ST/STM32CubeIDE_1.19.0/STM32CubeIDE/plugins/com.st.stm32cube.ide.mcu.externaltools.gnu-tools-for-stm32.13.3.rel1.win32_1.0.0.202411081344/tools/bin/../lib/gcc/arm-none-eabi/13.3.1/../../../../arm-none-eabi/lib/thumb/v7-m/nofp\libc_nano.a
START GROUP
LOAD C:/ST/STM32CubeIDE_1.19.0/STM32CubeIDE/plugins/com.st.stm32cube.ide.mcu.externaltools.gnu-tools-for-stm32.13.3.rel1.win32_1.0.0.202411081344/tools/bin/../lib/gcc/arm-none-eabi/13.3.1/thumb/v7-m/nofp\libgcc.a
LOAD C:/ST/STM32CubeIDE_1.19.0/STM32CubeIDE/plugins/com.st.stm32cube.ide.mcu.externaltools.gnu-tools-for-stm32.13.3.rel1.win32_1.0.0.202411081344/tools/bin/../lib/gcc/arm-none-eabi/13.3.1/../../../../arm-none-eabi/lib/thumb/v7-m/nofp\libc_nano.a
END GROUP
START GROUP
LOAD C:/ST/STM32CubeIDE_1.19.0/STM32CubeIDE/plugins/com.st.stm32cube.ide.mcu.externaltools.gnu-tools-for-stm32.13.3.rel1.win32_1.0.0.202411081344/tools/bin/../lib/gcc/arm-none-eabi/13.3.1/thumb/v7-m/nofp\libgcc.a
LOAD C:/ST/STM32CubeIDE_1.19.0/STM32CubeIDE/plugins/com.st.stm32cube.ide.mcu.externaltools.gnu-tools-for-stm32.13.3.rel1.win32_1.0.0.202411081344/tools/bin/../lib/gcc/arm-none-eabi/13.3.1/../../../../arm-none-eabi/lib/thumb/v7-m/nofp\libc_nano.a
LOAD C:/ST/STM32CubeIDE_1.19.0/STM32CubeIDE/plugins/com.st.stm32cube.ide.mcu.externaltools.gnu-tools-for-stm32.13.3.rel1.win32_1.0.0.202411081344/tools/bin/../lib/gcc/arm-none-eabi/13.3.1/../../../../arm-none-eabi/lib/thumb/v7-m/nofp\libnosys.a
END GROUP
START GROUP
LOAD C:/ST/STM32CubeIDE_1.19.0/STM32CubeIDE/plugins/com.st.stm32cube.ide.mcu.externaltools.gnu-tools-for-stm32.13.3.rel1.win32_1.0.0.202411081344/tools/bin/../lib/gcc/arm-none-eabi/13.3.1/thumb/v7-m/nofp\libgcc.a
LOAD C:/ST/STM32CubeIDE_1.19.0/STM32CubeIDE/plugins/com.st.stm32cube.ide.mcu.externaltools.gnu-tools-for-stm32.13.3.rel1.win32_1.0.0.202411081344/tools/bin/../lib/gcc/arm-none-eabi/13.3.1/../../../../arm-none-eabi/lib/thumb/v7-m/nofp\libc_nano.a
LOAD C:/ST/STM32CubeIDE_1.19.0/STM32CubeIDE/plugins/com.st.stm32cube.ide.mcu.externaltools.gnu-tools-for-stm32.13.3.rel1.win32_1.0.0.202411081344/tools/bin/../lib/gcc/arm-none-eabi/13.3.1/../../../../arm-none-eabi/lib/thumb/v7-m/nofp\libnosys.a
END GROUP
LOAD C:/ST/STM32CubeIDE_1.19.0/STM32CubeIDE/plugins/com.st.stm32cube.ide.mcu.externaltools.gnu-tools-for-stm32.13.3.rel1.win32_1.0.0.202411081344/tools/bin/../lib/gcc/arm-none-eabi/13.3.1/thumb/v7-m/nofp/crtend.o
LOAD C:/ST/STM32CubeIDE_1.19.0/STM32CubeIDE/plugins/com.st.stm32cube.ide.mcu.externaltools.gnu-tools-for-stm32.13.3.rel1.win32_1.0.0.202411081344/tools/bin/../lib/gcc/arm-none-eabi/13.3.1/thumb/v7-m/nofp/crtn.o
                0x20005000                        _estack = (ORIGIN (RAM) + LENGTH (RAM))
                0x00000200                        _Min_Heap_Size = 0x200
                0x00000400                        _Min_Stack_Size = 0x400

.isr_vector     0x08000000      0x10c
                0x08000000                        . = ALIGN (0x4)
 *(.isr_vector)
 .isr_vector    0x08000000      0x10c ./Core/Startup/startup_stm32f103c8tx.o
                0x08000000                g_pfnVectors
                0x0800010c                        . = ALIGN (0x4)

.text           0x0800010c     0x7d08
                0x0800010c                        . = ALIGN (0x4)
 *(.text)
 .text          0x0800010c       0x40 C:/ST/STM32CubeIDE_1.19.0/STM32CubeIDE/plugins/com.st.stm32cube.ide.mcu.externaltools.gnu-tools-for-stm32.13.3.rel1.win32_1.0.0.202411081344/tools/bin/../lib/gcc/arm-none-eabi/13.3.1/thumb/v7-m/nofp/crtbegin.o
 *(.text*)
 .text.delay_us
                0x0800014c       0x4c ./Core/Src/firmware.o
                0x0800014c                delay_us
 .text.toggleXIN
                0x08000198       0x28 ./Core/Src/firmware.o
                0x08000198                toggleXIN
 .text.setSelector
                0x080001c0       0x5c ./Core/Src/firmware.o
                0x080001c0                setSelector
 .text.setPortADirectionInput
                0x0800021c       0x34 ./Core/Src/firmware.o
                0x0800021c                setPortADirectionInput
 .text.setPortADirectionOutput
                0x08000250       0x34 ./Core/Src/firmware.o
                0x08000250                setPortADirectionOutput
 .text.writePortA
                0x08000284       0x54 ./Core/Src/firmware.o
                0x08000284                writePortA
 .text.readPortA
                0x080002d8       0x60 ./Core/Src/firmware.o
                0x080002d8                readPortA
 .text.sendOCD  0x08000338       0x2c ./Core/Src/firmware.o
                0x08000338                sendOCD
 .text.enterBypassMode
                0x08000364       0x1a ./Core/Src/firmware.o
                0x08000364                enterBypassMode
 .text.readByte
                0x0800037e       0x64 ./Core/Src/firmware.o
                0x0800037e                readByte
 *fill*         0x080003e2        0x2 
 .text.fwmain   0x080003e4       0x5c ./Core/Src/firmware.o
                0x080003e4                fwmain
 .text.main     0x08000440       0x20 ./Core/Src/main.o
                0x08000440                main
 .text.SystemClock_Config
                0x08000460       0xb4 ./Core/Src/main.o
                0x08000460                SystemClock_Config
 .text.MX_USART3_UART_Init
                0x08000514       0x54 ./Core/Src/main.o
 .text.MX_GPIO_Init
                0x08000568       0xdc ./Core/Src/main.o
 .text.Error_Handler
                0x08000644        0xc ./Core/Src/main.o
                0x08000644                Error_Handler
 .text.HAL_MspInit
                0x08000650       0x64 ./Core/Src/stm32f1xx_hal_msp.o
                0x08000650                HAL_MspInit
 .text.HAL_UART_MspInit
                0x080006b4       0x80 ./Core/Src/stm32f1xx_hal_msp.o
                0x080006b4                HAL_UART_MspInit
 .text.NMI_Handler
                0x08000734        0x8 ./Core/Src/stm32f1xx_it.o
                0x08000734                NMI_Handler
 .text.HardFault_Handler
                0x0800073c        0x8 ./Core/Src/stm32f1xx_it.o
                0x0800073c                HardFault_Handler
 .text.MemManage_Handler
                0x08000744        0x8 ./Core/Src/stm32f1xx_it.o
                0x08000744                MemManage_Handler
 .text.BusFault_Handler
                0x0800074c        0x8 ./Core/Src/stm32f1xx_it.o
                0x0800074c                BusFault_Handler
 .text.UsageFault_Handler
                0x08000754        0x8 ./Core/Src/stm32f1xx_it.o
                0x08000754                UsageFault_Handler
 .text.SVC_Handler
                0x0800075c        0xc ./Core/Src/stm32f1xx_it.o
                0x0800075c                SVC_Handler
 .text.DebugMon_Handler
                0x08000768        0xc ./Core/Src/stm32f1xx_it.o
                0x08000768                DebugMon_Handler
 .text.PendSV_Handler
                0x08000774        0xc ./Core/Src/stm32f1xx_it.o
                0x08000774                PendSV_Handler
 .text.SysTick_Handler
                0x08000780        0xc ./Core/Src/stm32f1xx_it.o
                0x08000780                SysTick_Handler
 .text.USB_LP_CAN1_RX0_IRQHandler
                0x0800078c       0x14 ./Core/Src/stm32f1xx_it.o
                0x0800078c                USB_LP_CAN1_RX0_IRQHandler
 .text.SystemInit
                0x080007a0        0xc ./Core/Src/system_stm32f1xx.o
                0x080007a0                SystemInit
 .text.Reset_Handler
                0x080007ac       0x48 ./Core/Startup/startup_stm32f103c8tx.o
                0x080007ac                Reset_Handler
 .text.Default_Handler
                0x080007f4        0x2 ./Core/Startup/startup_stm32f103c8tx.o
                0x080007f4                RTC_Alarm_IRQHandler
                0x080007f4                EXTI2_IRQHandler
                0x080007f4                TIM1_CC_IRQHandler
                0x080007f4                PVD_IRQHandler
                0x080007f4                EXTI3_IRQHandler
                0x080007f4                EXTI0_IRQHandler
                0x080007f4                I2C2_EV_IRQHandler
                0x080007f4                ADC1_2_IRQHandler
                0x080007f4                SPI1_IRQHandler
                0x080007f4                TAMPER_IRQHandler
                0x080007f4                DMA1_Channel4_IRQHandler
                0x080007f4                USART3_IRQHandler
                0x080007f4                RTC_IRQHandler
                0x080007f4                DMA1_Channel7_IRQHandler
                0x080007f4                CAN1_RX1_IRQHandler
                0x080007f4                TIM4_IRQHandler
                0x080007f4                I2C1_EV_IRQHandler
                0x080007f4                DMA1_Channel6_IRQHandler
                0x080007f4                TIM3_IRQHandler
                0x080007f4                RCC_IRQHandler
                0x080007f4                TIM1_TRG_COM_IRQHandler
                0x080007f4                DMA1_Channel1_IRQHandler
                0x080007f4                Default_Handler
                0x080007f4                EXTI15_10_IRQHandler
                0x080007f4                EXTI9_5_IRQHandler
                0x080007f4                SPI2_IRQHandler
                0x080007f4                DMA1_Channel5_IRQHandler
                0x080007f4                EXTI4_IRQHandler
                0x080007f4                USB_HP_CAN1_TX_IRQHandler
                0x080007f4                DMA1_Channel3_IRQHandler
                0x080007f4                TIM1_UP_IRQHandler
                0x080007f4                WWDG_IRQHandler
                0x080007f4                TIM2_IRQHandler
                0x080007f4                TIM1_BRK_IRQHandler
                0x080007f4                EXTI1_IRQHandler
                0x080007f4                USART2_IRQHandler
                0x080007f4                I2C2_ER_IRQHandler
                0x080007f4                DMA1_Channel2_IRQHandler
                0x080007f4                CAN1_SCE_IRQHandler
                0x080007f4                FLASH_IRQHandler
                0x080007f4                USART1_IRQHandler
                0x080007f4                I2C1_ER_IRQHandler
                0x080007f4                USBWakeUp_IRQHandler
 *fill*         0x080007f6        0x2 
 .text.HAL_Init
                0x080007f8       0x2c ./Drivers/STM32F1xx_HAL_Driver/Src/stm32f1xx_hal.o
                0x080007f8                HAL_Init
 .text.HAL_InitTick
                0x08000824       0x60 ./Drivers/STM32F1xx_HAL_Driver/Src/stm32f1xx_hal.o
                0x08000824                HAL_InitTick
 .text.HAL_IncTick
                0x08000884       0x24 ./Drivers/STM32F1xx_HAL_Driver/Src/stm32f1xx_hal.o
                0x08000884                HAL_IncTick
 .text.HAL_GetTick
                0x080008a8       0x14 ./Drivers/STM32F1xx_HAL_Driver/Src/stm32f1xx_hal.o
                0x080008a8                HAL_GetTick
 .text.__NVIC_SetPriorityGrouping
                0x080008bc       0x48 ./Drivers/STM32F1xx_HAL_Driver/Src/stm32f1xx_hal_cortex.o
 .text.__NVIC_GetPriorityGrouping
                0x08000904       0x1c ./Drivers/STM32F1xx_HAL_Driver/Src/stm32f1xx_hal_cortex.o
 .text.__NVIC_EnableIRQ
                0x08000920       0x38 ./Drivers/STM32F1xx_HAL_Driver/Src/stm32f1xx_hal_cortex.o
 .text.__NVIC_SetPriority
                0x08000958       0x54 ./Drivers/STM32F1xx_HAL_Driver/Src/stm32f1xx_hal_cortex.o
 .text.NVIC_EncodePriority
                0x080009ac       0x64 ./Drivers/STM32F1xx_HAL_Driver/Src/stm32f1xx_hal_cortex.o
 .text.SysTick_Config
                0x08000a10       0x44 ./Drivers/STM32F1xx_HAL_Driver/Src/stm32f1xx_hal_cortex.o
 .text.HAL_NVIC_SetPriorityGrouping
                0x08000a54       0x16 ./Drivers/STM32F1xx_HAL_Driver/Src/stm32f1xx_hal_cortex.o
                0x08000a54                HAL_NVIC_SetPriorityGrouping
 .text.HAL_NVIC_SetPriority
                0x08000a6a       0x38 ./Drivers/STM32F1xx_HAL_Driver/Src/stm32f1xx_hal_cortex.o
                0x08000a6a                HAL_NVIC_SetPriority
 .text.HAL_NVIC_EnableIRQ
                0x08000aa2       0x1c ./Drivers/STM32F1xx_HAL_Driver/Src/stm32f1xx_hal_cortex.o
                0x08000aa2                HAL_NVIC_EnableIRQ
 .text.HAL_SYSTICK_Config
                0x08000abe       0x18 ./Drivers/STM32F1xx_HAL_Driver/Src/stm32f1xx_hal_cortex.o
                0x08000abe                HAL_SYSTICK_Config
 *fill*         0x08000ad6        0x2 
 .text.HAL_GPIO_Init
                0x08000ad8      0x308 ./Drivers/STM32F1xx_HAL_Driver/Src/stm32f1xx_hal_gpio.o
                0x08000ad8                HAL_GPIO_Init
 .text.HAL_GPIO_ReadPin
                0x08000de0       0x2e ./Drivers/STM32F1xx_HAL_Driver/Src/stm32f1xx_hal_gpio.o
                0x08000de0                HAL_GPIO_ReadPin
 .text.HAL_GPIO_WritePin
                0x08000e0e       0x30 ./Drivers/STM32F1xx_HAL_Driver/Src/stm32f1xx_hal_gpio.o
                0x08000e0e                HAL_GPIO_WritePin
 .text.HAL_GPIO_TogglePin
                0x08000e3e       0x32 ./Drivers/STM32F1xx_HAL_Driver/Src/stm32f1xx_hal_gpio.o
                0x08000e3e                HAL_GPIO_TogglePin
 .text.HAL_PCD_Init
                0x08000e70      0x1ec ./Drivers/STM32F1xx_HAL_Driver/Src/stm32f1xx_hal_pcd.o
                0x08000e70                HAL_PCD_Init
 .text.HAL_PCD_Start
                0x0800105c       0x4c ./Drivers/STM32F1xx_HAL_Driver/Src/stm32f1xx_hal_pcd.o
                0x0800105c                HAL_PCD_Start
 .text.HAL_PCD_IRQHandler
                0x080010a8      0x260 ./Drivers/STM32F1xx_HAL_Driver/Src/stm32f1xx_hal_pcd.o
                0x080010a8                HAL_PCD_IRQHandler
 .text.HAL_PCD_SetAddress
                0x08001308       0x48 ./Drivers/STM32F1xx_HAL_Driver/Src/stm32f1xx_hal_pcd.o
                0x08001308                HAL_PCD_SetAddress
 .text.HAL_PCD_EP_Open
                0x08001350       0xba ./Drivers/STM32F1xx_HAL_Driver/Src/stm32f1xx_hal_pcd.o
                0x08001350                HAL_PCD_EP_Open
 .text.HAL_PCD_EP_Close
                0x0800140a       0x90 ./Drivers/STM32F1xx_HAL_Driver/Src/stm32f1xx_hal_pcd.o
                0x0800140a                HAL_PCD_EP_Close
 .text.HAL_PCD_EP_Receive
                0x0800149a       0x62 ./Drivers/STM32F1xx_HAL_Driver/Src/stm32f1xx_hal_pcd.o
                0x0800149a                HAL_PCD_EP_Receive
 .text.HAL_PCD_EP_GetRxCount
                0x080014fc       0x2e ./Drivers/STM32F1xx_HAL_Driver/Src/stm32f1xx_hal_pcd.o
                0x080014fc                HAL_PCD_EP_GetRxCount
 .text.HAL_PCD_EP_Transmit
                0x0800152a       0x6e ./Drivers/STM32F1xx_HAL_Driver/Src/stm32f1xx_hal_pcd.o
                0x0800152a                HAL_PCD_EP_Transmit
 .text.HAL_PCD_EP_SetStall
                0x08001598       0xc0 ./Drivers/STM32F1xx_HAL_Driver/Src/stm32f1xx_hal_pcd.o
                0x08001598                HAL_PCD_EP_SetStall
 .text.HAL_PCD_EP_ClrStall
                0x08001658       0xa8 ./Drivers/STM32F1xx_HAL_Driver/Src/stm32f1xx_hal_pcd.o
                0x08001658                HAL_PCD_EP_ClrStall
 .text.PCD_EP_ISR_Handler
                0x08001700      0x79e ./Drivers/STM32F1xx_HAL_Driver/Src/stm32f1xx_hal_pcd.o
 .text.HAL_PCD_EP_DB_Receive
                0x08001e9e      0x21a ./Drivers/STM32F1xx_HAL_Driver/Src/stm32f1xx_hal_pcd.o
 .text.HAL_PCD_EP_DB_Transmit
                0x080020b8      0x7f4 ./Drivers/STM32F1xx_HAL_Driver/Src/stm32f1xx_hal_pcd.o
 .text.HAL_PCDEx_PMAConfig
                0x080028ac       0x84 ./Drivers/STM32F1xx_HAL_Driver/Src/stm32f1xx_hal_pcd_ex.o
                0x080028ac                HAL_PCDEx_PMAConfig
 .text.HAL_RCC_OscConfig
                0x08002930      0x504 ./Drivers/STM32F1xx_HAL_Driver/Src/stm32f1xx_hal_rcc.o
                0x08002930                HAL_RCC_OscConfig
 .text.HAL_RCC_ClockConfig
                0x08002e34      0x1d4 ./Drivers/STM32F1xx_HAL_Driver/Src/stm32f1xx_hal_rcc.o
                0x08002e34                HAL_RCC_ClockConfig
 .text.HAL_RCC_GetSysClockFreq
                0x08003008       0xa8 ./Drivers/STM32F1xx_HAL_Driver/Src/stm32f1xx_hal_rcc.o
                0x08003008                HAL_RCC_GetSysClockFreq
 .text.HAL_RCC_GetHCLKFreq
                0x080030b0       0x14 ./Drivers/STM32F1xx_HAL_Driver/Src/stm32f1xx_hal_rcc.o
                0x080030b0                HAL_RCC_GetHCLKFreq
 .text.HAL_RCC_GetPCLK1Freq
                0x080030c4       0x28 ./Drivers/STM32F1xx_HAL_Driver/Src/stm32f1xx_hal_rcc.o
                0x080030c4                HAL_RCC_GetPCLK1Freq
 .text.HAL_RCC_GetPCLK2Freq
                0x080030ec       0x28 ./Drivers/STM32F1xx_HAL_Driver/Src/stm32f1xx_hal_rcc.o
                0x080030ec                HAL_RCC_GetPCLK2Freq
 .text.RCC_Delay
                0x08003114       0x3c ./Drivers/STM32F1xx_HAL_Driver/Src/stm32f1xx_hal_rcc.o
 .text.HAL_RCCEx_PeriphCLKConfig
                0x08003150      0x16c ./Drivers/STM32F1xx_HAL_Driver/Src/stm32f1xx_hal_rcc_ex.o
                0x08003150                HAL_RCCEx_PeriphCLKConfig
 .text.HAL_HalfDuplex_Init
                0x080032bc       0xb0 ./Drivers/STM32F1xx_HAL_Driver/Src/stm32f1xx_hal_uart.o
                0x080032bc                HAL_HalfDuplex_Init
 .text.HAL_UART_Transmit
                0x0800336c      0x116 ./Drivers/STM32F1xx_HAL_Driver/Src/stm32f1xx_hal_uart.o
                0x0800336c                HAL_UART_Transmit
 .text.UART_WaitOnFlagUntilTimeout
                0x08003482       0xb2 ./Drivers/STM32F1xx_HAL_Driver/Src/stm32f1xx_hal_uart.o
 .text.UART_EndRxTransfer
                0x08003534       0xc4 ./Drivers/STM32F1xx_HAL_Driver/Src/stm32f1xx_hal_uart.o
 .text.UART_SetConfig
                0x080035f8      0x11c ./Drivers/STM32F1xx_HAL_Driver/Src/stm32f1xx_hal_uart.o
 .text.USB_CoreInit
                0x08003714       0x1a ./Drivers/STM32F1xx_HAL_Driver/Src/stm32f1xx_ll_usb.o
                0x08003714                USB_CoreInit
 .text.USB_EnableGlobalInt
                0x0800372e       0x2c ./Drivers/STM32F1xx_HAL_Driver/Src/stm32f1xx_ll_usb.o
                0x0800372e                USB_EnableGlobalInt
 .text.USB_DisableGlobalInt
                0x0800375a       0x34 ./Drivers/STM32F1xx_HAL_Driver/Src/stm32f1xx_ll_usb.o
                0x0800375a                USB_DisableGlobalInt
 .text.USB_SetCurrentMode
                0x0800378e       0x18 ./Drivers/STM32F1xx_HAL_Driver/Src/stm32f1xx_ll_usb.o
                0x0800378e                USB_SetCurrentMode
 .text.USB_DevInit
                0x080037a6       0x3a ./Drivers/STM32F1xx_HAL_Driver/Src/stm32f1xx_ll_usb.o
                0x080037a6                USB_DevInit
 .text.USB_ActivateEndpoint
                0x080037e0      0x780 ./Drivers/STM32F1xx_HAL_Driver/Src/stm32f1xx_ll_usb.o
                0x080037e0                USB_ActivateEndpoint
 .text.USB_DeactivateEndpoint
                0x08003f60      0x3d8 ./Drivers/STM32F1xx_HAL_Driver/Src/stm32f1xx_ll_usb.o
                0x08003f60                USB_DeactivateEndpoint
 .text.USB_EPStartXfer
                0x08004338     0x1762 ./Drivers/STM32F1xx_HAL_Driver/Src/stm32f1xx_ll_usb.o
                0x08004338                USB_EPStartXfer
 .text.USB_EPSetStall
                0x08005a9a       0xa0 ./Drivers/STM32F1xx_HAL_Driver/Src/stm32f1xx_ll_usb.o
                0x08005a9a                USB_EPSetStall
 .text.USB_EPClearStall
                0x08005b3a      0x15a ./Drivers/STM32F1xx_HAL_Driver/Src/stm32f1xx_ll_usb.o
                0x08005b3a                USB_EPClearStall
 .text.USB_SetDevAddress
                0x08005c94       0x26 ./Drivers/STM32F1xx_HAL_Driver/Src/stm32f1xx_ll_usb.o
                0x08005c94                USB_SetDevAddress
 .text.USB_DevConnect
                0x08005cba       0x14 ./Drivers/STM32F1xx_HAL_Driver/Src/stm32f1xx_ll_usb.o
                0x08005cba                USB_DevConnect
 .text.USB_DevDisconnect
                0x08005cce       0x14 ./Drivers/STM32F1xx_HAL_Driver/Src/stm32f1xx_ll_usb.o
                0x08005cce                USB_DevDisconnect
 .text.USB_ReadInterrupts
                0x08005ce2       0x1e ./Drivers/STM32F1xx_HAL_Driver/Src/stm32f1xx_ll_usb.o
                0x08005ce2                USB_ReadInterrupts
 .text.USB_EP0_OutStart
                0x08005d00       0x16 ./Drivers/STM32F1xx_HAL_Driver/Src/stm32f1xx_ll_usb.o
                0x08005d00                USB_EP0_OutStart
 .text.USB_WritePMA
                0x08005d16       0x8c ./Drivers/STM32F1xx_HAL_Driver/Src/stm32f1xx_ll_usb.o
                0x08005d16                USB_WritePMA
 .text.USB_ReadPMA
                0x08005da2       0x9e ./Drivers/STM32F1xx_HAL_Driver/Src/stm32f1xx_ll_usb.o
                0x08005da2                USB_ReadPMA
 .text.USBD_CDC_Init
                0x08005e40       0xf4 ./Middlewares/ST/STM32_USB_Device_Library/Class/CDC/Src/usbd_cdc.o
 .text.USBD_CDC_DeInit
                0x08005f34       0x6e ./Middlewares/ST/STM32_USB_Device_Library/Class/CDC/Src/usbd_cdc.o
 .text.USBD_CDC_Setup
                0x08005fa2      0x146 ./Middlewares/ST/STM32_USB_Device_Library/Class/CDC/Src/usbd_cdc.o
 .text.USBD_CDC_DataIn
                0x080060e8       0xa6 ./Middlewares/ST/STM32_USB_Device_Library/Class/CDC/Src/usbd_cdc.o
 .text.USBD_CDC_DataOut
                0x0800618e       0x56 ./Middlewares/ST/STM32_USB_Device_Library/Class/CDC/Src/usbd_cdc.o
 .text.USBD_CDC_EP0_RxReady
                0x080061e4       0x4e ./Middlewares/ST/STM32_USB_Device_Library/Class/CDC/Src/usbd_cdc.o
 *fill*         0x08006232        0x2 
 .text.USBD_CDC_GetFSCfgDesc
                0x08006234       0x20 ./Middlewares/ST/STM32_USB_Device_Library/Class/CDC/Src/usbd_cdc.o
 .text.USBD_CDC_GetHSCfgDesc
                0x08006254       0x20 ./Middlewares/ST/STM32_USB_Device_Library/Class/CDC/Src/usbd_cdc.o
 .text.USBD_CDC_GetOtherSpeedCfgDesc
                0x08006274       0x20 ./Middlewares/ST/STM32_USB_Device_Library/Class/CDC/Src/usbd_cdc.o
 .text.USBD_CDC_GetDeviceQualifierDescriptor
                0x08006294       0x20 ./Middlewares/ST/STM32_USB_Device_Library/Class/CDC/Src/usbd_cdc.o
                0x08006294                USBD_CDC_GetDeviceQualifierDescriptor
 .text.USBD_CDC_RegisterInterface
                0x080062b4       0x2c ./Middlewares/ST/STM32_USB_Device_Library/Class/CDC/Src/usbd_cdc.o
                0x080062b4                USBD_CDC_RegisterInterface
 .text.USBD_CDC_SetTxBuffer
                0x080062e0       0x32 ./Middlewares/ST/STM32_USB_Device_Library/Class/CDC/Src/usbd_cdc.o
                0x080062e0                USBD_CDC_SetTxBuffer
 .text.USBD_CDC_SetRxBuffer
                0x08006312       0x26 ./Middlewares/ST/STM32_USB_Device_Library/Class/CDC/Src/usbd_cdc.o
                0x08006312                USBD_CDC_SetRxBuffer
 .text.USBD_CDC_ReceivePacket
                0x08006338       0x54 ./Middlewares/ST/STM32_USB_Device_Library/Class/CDC/Src/usbd_cdc.o
                0x08006338                USBD_CDC_ReceivePacket
 .text.USBD_Init
                0x0800638c       0x56 ./Middlewares/ST/STM32_USB_Device_Library/Core/Src/usbd_core.o
                0x0800638c                USBD_Init
 .text.USBD_RegisterClass
                0x080063e2       0x32 ./Middlewares/ST/STM32_USB_Device_Library/Core/Src/usbd_core.o
                0x080063e2                USBD_RegisterClass
 .text.USBD_Start
                0x08006414       0x18 ./Middlewares/ST/STM32_USB_Device_Library/Core/Src/usbd_core.o
                0x08006414                USBD_Start
 .text.USBD_RunTestMode
                0x0800642c       0x14 ./Middlewares/ST/STM32_USB_Device_Library/Core/Src/usbd_core.o
                0x0800642c                USBD_RunTestMode
 .text.USBD_SetClassConfig
                0x08006440       0x3e ./Middlewares/ST/STM32_USB_Device_Library/Core/Src/usbd_core.o
                0x08006440                USBD_SetClassConfig
 .text.USBD_ClrClassConfig
                0x0800647e       0x26 ./Middlewares/ST/STM32_USB_Device_Library/Core/Src/usbd_core.o
                0x0800647e                USBD_ClrClassConfig
 .text.USBD_LL_SetupStage
                0x080064a4       0x9a ./Middlewares/ST/STM32_USB_Device_Library/Core/Src/usbd_core.o
                0x080064a4                USBD_LL_SetupStage
 .text.USBD_LL_DataOutStage
                0x0800653e       0xe2 ./Middlewares/ST/STM32_USB_Device_Library/Core/Src/usbd_core.o
                0x0800653e                USBD_LL_DataOutStage
 .text.USBD_LL_DataInStage
                0x08006620      0x14a ./Middlewares/ST/STM32_USB_Device_Library/Core/Src/usbd_core.o
                0x08006620                USBD_LL_DataInStage
 .text.USBD_LL_Reset
                0x0800676a       0x82 ./Middlewares/ST/STM32_USB_Device_Library/Core/Src/usbd_core.o
                0x0800676a                USBD_LL_Reset
 .text.USBD_LL_SetSpeed
                0x080067ec       0x1e ./Middlewares/ST/STM32_USB_Device_Library/Core/Src/usbd_core.o
                0x080067ec                USBD_LL_SetSpeed
 .text.USBD_LL_Suspend
                0x0800680a       0x28 ./Middlewares/ST/STM32_USB_Device_Library/Core/Src/usbd_core.o
                0x0800680a                USBD_LL_Suspend
 .text.USBD_LL_Resume
                0x08006832       0x2a ./Middlewares/ST/STM32_USB_Device_Library/Core/Src/usbd_core.o
                0x08006832                USBD_LL_Resume
 .text.USBD_LL_SOF
                0x0800685c       0x34 ./Middlewares/ST/STM32_USB_Device_Library/Core/Src/usbd_core.o
                0x0800685c                USBD_LL_SOF
 .text.USBD_StdDevReq
                0x08006890       0xd4 ./Middlewares/ST/STM32_USB_Device_Library/Core/Src/usbd_ctlreq.o
                0x08006890                USBD_StdDevReq
 .text.USBD_StdItfReq
                0x08006964       0x90 ./Middlewares/ST/STM32_USB_Device_Library/Core/Src/usbd_ctlreq.o
                0x08006964                USBD_StdItfReq
 .text.USBD_StdEPReq
                0x080069f4      0x2c6 ./Middlewares/ST/STM32_USB_Device_Library/Core/Src/usbd_ctlreq.o
                0x080069f4                USBD_StdEPReq
 *fill*         0x08006cba        0x2 
 .text.USBD_GetDescriptor
                0x08006cbc      0x2d0 ./Middlewares/ST/STM32_USB_Device_Library/Core/Src/usbd_ctlreq.o
 .text.USBD_SetAddress
                0x08006f8c       0x86 ./Middlewares/ST/STM32_USB_Device_Library/Core/Src/usbd_ctlreq.o
 *fill*         0x08007012        0x2 
 .text.USBD_SetConfig
                0x08007014      0x11c ./Middlewares/ST/STM32_USB_Device_Library/Core/Src/usbd_ctlreq.o
 .text.USBD_GetConfig
                0x08007130       0x6a ./Middlewares/ST/STM32_USB_Device_Library/Core/Src/usbd_ctlreq.o
 .text.USBD_GetStatus
                0x0800719a       0x66 ./Middlewares/ST/STM32_USB_Device_Library/Core/Src/usbd_ctlreq.o
 .text.USBD_SetFeature
                0x08007200       0x28 ./Middlewares/ST/STM32_USB_Device_Library/Core/Src/usbd_ctlreq.o
 .text.USBD_ClrFeature
                0x08007228       0x42 ./Middlewares/ST/STM32_USB_Device_Library/Core/Src/usbd_ctlreq.o
 .text.USBD_ParseSetupRequest
                0x0800726a       0x72 ./Middlewares/ST/STM32_USB_Device_Library/Core/Src/usbd_ctlreq.o
                0x0800726a                USBD_ParseSetupRequest
 .text.USBD_CtlError
                0x080072dc       0x22 ./Middlewares/ST/STM32_USB_Device_Library/Core/Src/usbd_ctlreq.o
                0x080072dc                USBD_CtlError
 .text.USBD_GetString
                0x080072fe       0x84 ./Middlewares/ST/STM32_USB_Device_Library/Core/Src/usbd_ctlreq.o
                0x080072fe                USBD_GetString
 .text.USBD_GetLen
                0x08007382       0x2e ./Middlewares/ST/STM32_USB_Device_Library/Core/Src/usbd_ctlreq.o
 .text.USBD_CtlSendData
                0x080073b0       0x38 ./Middlewares/ST/STM32_USB_Device_Library/Core/Src/usbd_ioreq.o
                0x080073b0                USBD_CtlSendData
 .text.USBD_CtlContinueSendData
                0x080073e8       0x24 ./Middlewares/ST/STM32_USB_Device_Library/Core/Src/usbd_ioreq.o
                0x080073e8                USBD_CtlContinueSendData
 .text.USBD_CtlPrepareRx
                0x0800740c       0x3c ./Middlewares/ST/STM32_USB_Device_Library/Core/Src/usbd_ioreq.o
                0x0800740c                USBD_CtlPrepareRx
 .text.USBD_CtlContinueRx
                0x08007448       0x24 ./Middlewares/ST/STM32_USB_Device_Library/Core/Src/usbd_ioreq.o
                0x08007448                USBD_CtlContinueRx
 .text.USBD_CtlSendStatus
                0x0800746c       0x26 ./Middlewares/ST/STM32_USB_Device_Library/Core/Src/usbd_ioreq.o
                0x0800746c                USBD_CtlSendStatus
 .text.USBD_CtlReceiveStatus
                0x08007492       0x26 ./Middlewares/ST/STM32_USB_Device_Library/Core/Src/usbd_ioreq.o
                0x08007492                USBD_CtlReceiveStatus
 .text.MX_USB_DEVICE_Init
                0x080074b8       0x60 ./USB_DEVICE/App/usb_device.o
                0x080074b8                MX_USB_DEVICE_Init
 .text.CDC_Init_FS
                0x08007518       0x28 ./USB_DEVICE/App/usbd_cdc_if.o
 .text.CDC_DeInit_FS
                0x08007540        0xe ./USB_DEVICE/App/usbd_cdc_if.o
 *fill*         0x0800754e        0x2 
 .text.CDC_Control_FS
                0x08007550       0xbc ./USB_DEVICE/App/usbd_cdc_if.o
 .text.CDC_Receive_FS
                0x0800760c       0x28 ./USB_DEVICE/App/usbd_cdc_if.o
 .text.USBD_FS_DeviceDescriptor
                0x08007634       0x24 ./USB_DEVICE/App/usbd_desc.o
                0x08007634                USBD_FS_DeviceDescriptor
 .text.USBD_FS_LangIDStrDescriptor
                0x08007658       0x24 ./USB_DEVICE/App/usbd_desc.o
                0x08007658                USBD_FS_LangIDStrDescriptor
 .text.USBD_FS_ProductStrDescriptor
                0x0800767c       0x3c ./USB_DEVICE/App/usbd_desc.o
                0x0800767c                USBD_FS_ProductStrDescriptor
 .text.USBD_FS_ManufacturerStrDescriptor
                0x080076b8       0x28 ./USB_DEVICE/App/usbd_desc.o
                0x080076b8                USBD_FS_ManufacturerStrDescriptor
 .text.USBD_FS_SerialStrDescriptor
                0x080076e0       0x24 ./USB_DEVICE/App/usbd_desc.o
                0x080076e0                USBD_FS_SerialStrDescriptor
 .text.USBD_FS_ConfigStrDescriptor
                0x08007704       0x3c ./USB_DEVICE/App/usbd_desc.o
                0x08007704                USBD_FS_ConfigStrDescriptor
 .text.USBD_FS_InterfaceStrDescriptor
                0x08007740       0x3c ./USB_DEVICE/App/usbd_desc.o
                0x08007740                USBD_FS_InterfaceStrDescriptor
 .text.Get_SerialNum
                0x0800777c       0x58 ./USB_DEVICE/App/usbd_desc.o
 .text.IntToUnicode
                0x080077d4       0x7c ./USB_DEVICE/App/usbd_desc.o
 .text.HAL_PCD_MspInit
                0x08007850       0x4c ./USB_DEVICE/Target/usbd_conf.o
                0x08007850                HAL_PCD_MspInit
 .text.HAL_PCD_SetupStageCallback
                0x0800789c       0x24 ./USB_DEVICE/Target/usbd_conf.o
                0x0800789c                HAL_PCD_SetupStageCallback
 .text.HAL_PCD_DataOutStageCallback
                0x080078c0       0x36 ./USB_DEVICE/Target/usbd_conf.o
                0x080078c0                HAL_PCD_DataOutStageCallback
 .text.HAL_PCD_DataInStageCallback
                0x080078f6       0x34 ./USB_DEVICE/Target/usbd_conf.o
                0x080078f6                HAL_PCD_DataInStageCallback
 .text.HAL_PCD_SOFCallback
                0x0800792a       0x1c ./USB_DEVICE/Target/usbd_conf.o
                0x0800792a                HAL_PCD_SOFCallback
 .text.HAL_PCD_ResetCallback
                0x08007946       0x3c ./USB_DEVICE/Target/usbd_conf.o
                0x08007946                HAL_PCD_ResetCallback
 *fill*         0x08007982        0x2 
 .text.HAL_PCD_SuspendCallback
                0x08007984       0x34 ./USB_DEVICE/Target/usbd_conf.o
                0x08007984                HAL_PCD_SuspendCallback
 .text.HAL_PCD_ResumeCallback
                0x080079b8       0x1c ./USB_DEVICE/Target/usbd_conf.o
                0x080079b8                HAL_PCD_ResumeCallback
 .text.USBD_LL_Init
                0x080079d4       0xb4 ./USB_DEVICE/Target/usbd_conf.o
                0x080079d4                USBD_LL_Init
 .text.USBD_LL_Start
                0x08007a88       0x36 ./USB_DEVICE/Target/usbd_conf.o
                0x08007a88                USBD_LL_Start
 .text.USBD_LL_OpenEP
                0x08007abe       0x4c ./USB_DEVICE/Target/usbd_conf.o
                0x08007abe                USBD_LL_OpenEP
 .text.USBD_LL_CloseEP
                0x08007b0a       0x3e ./USB_DEVICE/Target/usbd_conf.o
                0x08007b0a                USBD_LL_CloseEP
 .text.USBD_LL_StallEP
                0x08007b48       0x3e ./USB_DEVICE/Target/usbd_conf.o
                0x08007b48                USBD_LL_StallEP
 .text.USBD_LL_ClearStallEP
                0x08007b86       0x3e ./USB_DEVICE/Target/usbd_conf.o
                0x08007b86                USBD_LL_ClearStallEP
 .text.USBD_LL_IsStallEP
                0x08007bc4       0x56 ./USB_DEVICE/Target/usbd_conf.o
                0x08007bc4                USBD_LL_IsStallEP
 .text.USBD_LL_SetUSBAddress
                0x08007c1a       0x3e ./USB_DEVICE/Target/usbd_conf.o
                0x08007c1a                USBD_LL_SetUSBAddress
 .text.USBD_LL_Transmit
                0x08007c58       0x46 ./USB_DEVICE/Target/usbd_conf.o
                0x08007c58                USBD_LL_Transmit
 .text.USBD_LL_PrepareReceive
                0x08007c9e       0x46 ./USB_DEVICE/Target/usbd_conf.o
                0x08007c9e                USBD_LL_PrepareReceive
 .text.USBD_LL_GetRxDataSize
                0x08007ce4       0x26 ./USB_DEVICE/Target/usbd_conf.o
                0x08007ce4                USBD_LL_GetRxDataSize
 *fill*         0x08007d0a        0x2 
 .text.USBD_static_malloc
                0x08007d0c       0x18 ./USB_DEVICE/Target/usbd_conf.o
                0x08007d0c                USBD_static_malloc
 .text.USBD_static_free
                0x08007d24       0x12 ./USB_DEVICE/Target/usbd_conf.o
                0x08007d24                USBD_static_free
 .text.HAL_PCDEx_SetConnectionState
                0x08007d36       0x16 ./USB_DEVICE/Target/usbd_conf.o
                0x08007d36                HAL_PCDEx_SetConnectionState
 .text.USBD_Get_USB_Status
                0x08007d4c       0x58 ./USB_DEVICE/Target/usbd_conf.o
 .text.memset   0x08007da4       0x10 C:/ST/STM32CubeIDE_1.19.0/STM32CubeIDE/plugins/com.st.stm32cube.ide.mcu.externaltools.gnu-tools-for-stm32.13.3.rel1.win32_1.0.0.202411081344/tools/bin/../lib/gcc/arm-none-eabi/13.3.1/../../../../arm-none-eabi/lib/thumb/v7-m/nofp\libc_nano.a(libc_a-memset.o)
                0x08007da4                memset
 .text.__libc_init_array
                0x08007db4       0x48 C:/ST/STM32CubeIDE_1.19.0/STM32CubeIDE/plugins/com.st.stm32cube.ide.mcu.externaltools.gnu-tools-for-stm32.13.3.rel1.win32_1.0.0.202411081344/tools/bin/../lib/gcc/arm-none-eabi/13.3.1/../../../../arm-none-eabi/lib/thumb/v7-m/nofp\libc_nano.a(libc_a-init.o)
                0x08007db4                __libc_init_array
 *(.glue_7)
 .glue_7        0x08007dfc        0x0 linker stubs
 *(.glue_7t)
 .glue_7t       0x08007dfc        0x0 linker stubs
 *(.eh_frame)
 .eh_frame      0x08007dfc        0x0 C:/ST/STM32CubeIDE_1.19.0/STM32CubeIDE/plugins/com.st.stm32cube.ide.mcu.externaltools.gnu-tools-for-stm32.13.3.rel1.win32_1.0.0.202411081344/tools/bin/../lib/gcc/arm-none-eabi/13.3.1/thumb/v7-m/nofp/crtbegin.o
 *(.init)
 .init          0x08007dfc        0x4 C:/ST/STM32CubeIDE_1.19.0/STM32CubeIDE/plugins/com.st.stm32cube.ide.mcu.externaltools.gnu-tools-for-stm32.13.3.rel1.win32_1.0.0.202411081344/tools/bin/../lib/gcc/arm-none-eabi/13.3.1/thumb/v7-m/nofp/crti.o
                0x08007dfc                _init
 .init          0x08007e00        0x8 C:/ST/STM32CubeIDE_1.19.0/STM32CubeIDE/plugins/com.st.stm32cube.ide.mcu.externaltools.gnu-tools-for-stm32.13.3.rel1.win32_1.0.0.202411081344/tools/bin/../lib/gcc/arm-none-eabi/13.3.1/thumb/v7-m/nofp/crtn.o
 *(.fini)
 .fini          0x08007e08        0x4 C:/ST/STM32CubeIDE_1.19.0/STM32CubeIDE/plugins/com.st.stm32cube.ide.mcu.externaltools.gnu-tools-for-stm32.13.3.rel1.win32_1.0.0.202411081344/tools/bin/../lib/gcc/arm-none-eabi/13.3.1/thumb/v7-m/nofp/crti.o
                0x08007e08                _fini
 .fini          0x08007e0c        0x8 C:/ST/STM32CubeIDE_1.19.0/STM32CubeIDE/plugins/com.st.stm32cube.ide.mcu.externaltools.gnu-tools-for-stm32.13.3.rel1.win32_1.0.0.202411081344/tools/bin/../lib/gcc/arm-none-eabi/13.3.1/thumb/v7-m/nofp/crtn.o
                0x08007e14                        . = ALIGN (0x4)
                0x08007e14                        _etext = .

.vfp11_veneer   0x08007e14        0x0
 .vfp11_veneer  0x08007e14        0x0 linker stubs

.v4_bx          0x08007e14        0x0
 .v4_bx         0x08007e14        0x0 linker stubs

.iplt           0x08007e14        0x0
 .iplt          0x08007e14        0x0 C:/ST/STM32CubeIDE_1.19.0/STM32CubeIDE/plugins/com.st.stm32cube.ide.mcu.externaltools.gnu-tools-for-stm32.13.3.rel1.win32_1.0.0.202411081344/tools/bin/../lib/gcc/arm-none-eabi/13.3.1/thumb/v7-m/nofp/crtbegin.o

.rodata         0x08007e14       0x70
                0x08007e14                        . = ALIGN (0x4)
 *(.rodata)
 .rodata        0x08007e14       0x42 ./USB_DEVICE/App/usbd_desc.o
 *(.rodata*)
 *fill*         0x08007e56        0x2 
 .rodata.AHBPrescTable
                0x08007e58       0x10 ./Core/Src/system_stm32f1xx.o
                0x08007e58                AHBPrescTable
 .rodata.APBPrescTable
                0x08007e68        0x8 ./Core/Src/system_stm32f1xx.o
                0x08007e68                APBPrescTable
 .rodata.aPLLMULFactorTable.1
                0x08007e70       0x10 ./Drivers/STM32F1xx_HAL_Driver/Src/stm32f1xx_hal_rcc.o
 .rodata.aPredivFactorTable.0
                0x08007e80        0x2 ./Drivers/STM32F1xx_HAL_Driver/Src/stm32f1xx_hal_rcc.o
                0x08007e84                        . = ALIGN (0x4)
 *fill*         0x08007e82        0x2 

.ARM.extab      0x08007e84        0x0
                0x08007e84                        . = ALIGN (0x4)
 *(.ARM.extab* .gnu.linkonce.armextab.*)
                0x08007e84                        . = ALIGN (0x4)

.ARM            0x08007e84        0x0
                0x08007e84                        . = ALIGN (0x4)
                0x08007e84                        __exidx_start = .
 *(.ARM.exidx*)
                0x08007e84                        __exidx_end = .
                0x08007e84                        . = ALIGN (0x4)

.preinit_array  0x08007e84        0x0
                0x08007e84                        . = ALIGN (0x4)
                0x08007e84                        PROVIDE (__preinit_array_start = .)
 *(.preinit_array*)
                0x08007e84                        PROVIDE (__preinit_array_end = .)
                0x08007e84                        . = ALIGN (0x4)

.init_array     0x08007e84        0x4
                0x08007e84                        . = ALIGN (0x4)
                0x08007e84                        PROVIDE (__init_array_start = .)
 *(SORT_BY_NAME(.init_array.*))
 *(.init_array*)
 .init_array    0x08007e84        0x4 C:/ST/STM32CubeIDE_1.19.0/STM32CubeIDE/plugins/com.st.stm32cube.ide.mcu.externaltools.gnu-tools-for-stm32.13.3.rel1.win32_1.0.0.202411081344/tools/bin/../lib/gcc/arm-none-eabi/13.3.1/thumb/v7-m/nofp/crtbegin.o
                0x08007e88                        PROVIDE (__init_array_end = .)
                0x08007e88                        . = ALIGN (0x4)

.fini_array     0x08007e88        0x4
                0x08007e88                        . = ALIGN (0x4)
                [!provide]                        PROVIDE (__fini_array_start = .)
 *(SORT_BY_NAME(.fini_array.*))
 *(.fini_array*)
 .fini_array    0x08007e88        0x4 C:/ST/STM32CubeIDE_1.19.0/STM32CubeIDE/plugins/com.st.stm32cube.ide.mcu.externaltools.gnu-tools-for-stm32.13.3.rel1.win32_1.0.0.202411081344/tools/bin/../lib/gcc/arm-none-eabi/13.3.1/thumb/v7-m/nofp/crtbegin.o
                [!provide]                        PROVIDE (__fini_array_end = .)
                0x08007e8c                        . = ALIGN (0x4)
                0x08007e8c                        _sidata = LOADADDR (.data)

.rel.dyn        0x08007e8c        0x0
 .rel.iplt      0x08007e8c        0x0 C:/ST/STM32CubeIDE_1.19.0/STM32CubeIDE/plugins/com.st.stm32cube.ide.mcu.externaltools.gnu-tools-for-stm32.13.3.rel1.win32_1.0.0.202411081344/tools/bin/../lib/gcc/arm-none-eabi/13.3.1/thumb/v7-m/nofp/crtbegin.o

.data           0x20000000      0x17c load address 0x08007e8c
                0x20000000                        . = ALIGN (0x4)
                0x20000000                        _sdata = .
 *(.data)
 *(.data*)
 .data.SystemCoreClock
                0x20000000        0x4 ./Core/Src/system_stm32f1xx.o
                0x20000000                SystemCoreClock
 .data.uwTickPrio
                0x20000004        0x4 ./Drivers/STM32F1xx_HAL_Driver/Src/stm32f1xx_hal.o
                0x20000004                uwTickPrio
 .data.uwTickFreq
                0x20000008        0x1 ./Drivers/STM32F1xx_HAL_Driver/Src/stm32f1xx_hal.o
                0x20000008                uwTickFreq
 *fill*         0x20000009        0x3 
 .data.USBD_CDC_DeviceQualifierDesc
                0x2000000c        0xa ./Middlewares/ST/STM32_USB_Device_Library/Class/CDC/Src/usbd_cdc.o
 *fill*         0x20000016        0x2 
 .data.USBD_CDC
                0x20000018       0x38 ./Middlewares/ST/STM32_USB_Device_Library/Class/CDC/Src/usbd_cdc.o
                0x20000018                USBD_CDC
 .data.USBD_CDC_CfgHSDesc
                0x20000050       0x43 ./Middlewares/ST/STM32_USB_Device_Library/Class/CDC/Src/usbd_cdc.o
                0x20000050                USBD_CDC_CfgHSDesc
 *fill*         0x20000093        0x1 
 .data.USBD_CDC_CfgFSDesc
                0x20000094       0x43 ./Middlewares/ST/STM32_USB_Device_Library/Class/CDC/Src/usbd_cdc.o
                0x20000094                USBD_CDC_CfgFSDesc
 *fill*         0x200000d7        0x1 
 .data.USBD_CDC_OtherSpeedCfgDesc
                0x200000d8       0x43 ./Middlewares/ST/STM32_USB_Device_Library/Class/CDC/Src/usbd_cdc.o
                0x200000d8                USBD_CDC_OtherSpeedCfgDesc
 *fill*         0x2000011b        0x1 
 .data.USBD_Interface_fops_FS
                0x2000011c       0x10 ./USB_DEVICE/App/usbd_cdc_if.o
                0x2000011c                USBD_Interface_fops_FS
 .data.FS_Desc  0x2000012c       0x1c ./USB_DEVICE/App/usbd_desc.o
                0x2000012c                FS_Desc
 .data.USBD_FS_DeviceDesc
                0x20000148       0x12 ./USB_DEVICE/App/usbd_desc.o
                0x20000148                USBD_FS_DeviceDesc
 *fill*         0x2000015a        0x2 
 .data.USBD_LangIDDesc
                0x2000015c        0x4 ./USB_DEVICE/App/usbd_desc.o
                0x2000015c                USBD_LangIDDesc
 .data.USBD_StringSerial
                0x20000160       0x1a ./USB_DEVICE/App/usbd_desc.o
                0x20000160                USBD_StringSerial
 *(.RamFunc)
 *(.RamFunc*)
                0x2000017c                        . = ALIGN (0x4)
 *fill*         0x2000017a        0x2 
                0x2000017c                        _edata = .

.igot.plt       0x2000017c        0x0 load address 0x08008008
 .igot.plt      0x2000017c        0x0 C:/ST/STM32CubeIDE_1.19.0/STM32CubeIDE/plugins/com.st.stm32cube.ide.mcu.externaltools.gnu-tools-for-stm32.13.3.rel1.win32_1.0.0.202411081344/tools/bin/../lib/gcc/arm-none-eabi/13.3.1/thumb/v7-m/nofp/crtbegin.o
                0x2000017c                        . = ALIGN (0x4)

.bss            0x2000017c     0x1228 load address 0x08008008
                0x2000017c                        _sbss = .
                0x2000017c                        __bss_start__ = _sbss
 *(.bss)
 .bss           0x2000017c       0x1c C:/ST/STM32CubeIDE_1.19.0/STM32CubeIDE/plugins/com.st.stm32cube.ide.mcu.externaltools.gnu-tools-for-stm32.13.3.rel1.win32_1.0.0.202411081344/tools/bin/../lib/gcc/arm-none-eabi/13.3.1/thumb/v7-m/nofp/crtbegin.o
 *(.bss*)
 .bss.huart3    0x20000198       0x48 ./Core/Src/main.o
                0x20000198                huart3
 .bss.uwTick    0x200001e0        0x4 ./Drivers/STM32F1xx_HAL_Driver/Src/stm32f1xx_hal.o
                0x200001e0                uwTick
 .bss.cfgidx.0  0x200001e4        0x1 ./Middlewares/ST/STM32_USB_Device_Library/Core/Src/usbd_ctlreq.o
 *fill*         0x200001e5        0x3 
 .bss.hUsbDeviceFS
                0x200001e8      0x2c4 ./USB_DEVICE/App/usb_device.o
                0x200001e8                hUsbDeviceFS
 .bss.UserRxBufferFS
                0x200004ac      0x400 ./USB_DEVICE/App/usbd_cdc_if.o
                0x200004ac                UserRxBufferFS
 .bss.UserTxBufferFS
                0x200008ac      0x400 ./USB_DEVICE/App/usbd_cdc_if.o
                0x200008ac                UserTxBufferFS
 .bss.USBD_StrDesc
                0x20000cac      0x200 ./USB_DEVICE/App/usbd_desc.o
                0x20000cac                USBD_StrDesc
 .bss.hpcd_USB_FS
                0x20000eac      0x2d8 ./USB_DEVICE/Target/usbd_conf.o
                0x20000eac                hpcd_USB_FS
 .bss.mem.0     0x20001184      0x220 ./USB_DEVICE/Target/usbd_conf.o
 *(COMMON)
                0x200013a4                        . = ALIGN (0x4)
                0x200013a4                        _ebss = .
                0x200013a4                        __bss_end__ = _ebss

._user_heap_stack
                0x200013a4      0x604 load address 0x08008008
                0x200013a8                        . = ALIGN (0x8)
 *fill*         0x200013a4        0x4 
                [!provide]                        PROVIDE (end = .)
                0x200013a8                        PROVIDE (_end = .)
                0x200015a8                        . = (. + _Min_Heap_Size)
 *fill*         0x200013a8      0x200 
                0x200019a8                        . = (. + _Min_Stack_Size)
 *fill*         0x200015a8      0x400 
                0x200019a8                        . = ALIGN (0x8)

/DISCARD/
 libc.a(*)
 libm.a(*)
 libgcc.a(*)

.ARM.attributes
                0x00000000       0x29
 *(.ARM.attributes)
 .ARM.attributes
                0x00000000       0x1d C:/ST/STM32CubeIDE_1.19.0/STM32CubeIDE/plugins/com.st.stm32cube.ide.mcu.externaltools.gnu-tools-for-stm32.13.3.rel1.win32_1.0.0.202411081344/tools/bin/../lib/gcc/arm-none-eabi/13.3.1/thumb/v7-m/nofp/crti.o
 .ARM.attributes
                0x0000001d       0x2d C:/ST/STM32CubeIDE_1.19.0/STM32CubeIDE/plugins/com.st.stm32cube.ide.mcu.externaltools.gnu-tools-for-stm32.13.3.rel1.win32_1.0.0.202411081344/tools/bin/../lib/gcc/arm-none-eabi/13.3.1/thumb/v7-m/nofp/crtbegin.o
 .ARM.attributes
                0x0000004a       0x2d ./Core/Src/firmware.o
 .ARM.attributes
                0x00000077       0x2d ./Core/Src/main.o
 .ARM.attributes
                0x000000a4       0x2d ./Core/Src/stm32f1xx_hal_msp.o
 .ARM.attributes
                0x000000d1       0x2d ./Core/Src/stm32f1xx_it.o
 .ARM.attributes
                0x000000fe       0x2d ./Core/Src/system_stm32f1xx.o
 .ARM.attributes
                0x0000012b       0x21 ./Core/Startup/startup_stm32f103c8tx.o
 .ARM.attributes
                0x0000014c       0x2d ./Drivers/STM32F1xx_HAL_Driver/Src/stm32f1xx_hal.o
 .ARM.attributes
                0x00000179       0x2d ./Drivers/STM32F1xx_HAL_Driver/Src/stm32f1xx_hal_cortex.o
 .ARM.attributes
                0x000001a6       0x2d ./Drivers/STM32F1xx_HAL_Driver/Src/stm32f1xx_hal_gpio.o
 .ARM.attributes
                0x000001d3       0x2d ./Drivers/STM32F1xx_HAL_Driver/Src/stm32f1xx_hal_pcd.o
 .ARM.attributes
                0x00000200       0x2d ./Drivers/STM32F1xx_HAL_Driver/Src/stm32f1xx_hal_pcd_ex.o
 .ARM.attributes
                0x0000022d       0x2d ./Drivers/STM32F1xx_HAL_Driver/Src/stm32f1xx_hal_rcc.o
 .ARM.attributes
                0x0000025a       0x2d ./Drivers/STM32F1xx_HAL_Driver/Src/stm32f1xx_hal_rcc_ex.o
 .ARM.attributes
                0x00000287       0x2d ./Drivers/STM32F1xx_HAL_Driver/Src/stm32f1xx_hal_uart.o
 .ARM.attributes
                0x000002b4       0x2d ./Drivers/STM32F1xx_HAL_Driver/Src/stm32f1xx_ll_usb.o
 .ARM.attributes
                0x000002e1       0x2d ./Middlewares/ST/STM32_USB_Device_Library/Class/CDC/Src/usbd_cdc.o
 .ARM.attributes
                0x0000030e       0x2d ./Middlewares/ST/STM32_USB_Device_Library/Core/Src/usbd_core.o
 .ARM.attributes
                0x0000033b       0x2d ./Middlewares/ST/STM32_USB_Device_Library/Core/Src/usbd_ctlreq.o
 .ARM.attributes
                0x00000368       0x2d ./Middlewares/ST/STM32_USB_Device_Library/Core/Src/usbd_ioreq.o
 .ARM.attributes
                0x00000395       0x2d ./USB_DEVICE/App/usb_device.o
 .ARM.attributes
                0x000003c2       0x2d ./USB_DEVICE/App/usbd_cdc_if.o
 .ARM.attributes
                0x000003ef       0x2d ./USB_DEVICE/App/usbd_desc.o
 .ARM.attributes
                0x0000041c       0x2d ./USB_DEVICE/Target/usbd_conf.o
 .ARM.attributes
                0x00000449       0x2d C:/ST/STM32CubeIDE_1.19.0/STM32CubeIDE/plugins/com.st.stm32cube.ide.mcu.externaltools.gnu-tools-for-stm32.13.3.rel1.win32_1.0.0.202411081344/tools/bin/../lib/gcc/arm-none-eabi/13.3.1/../../../../arm-none-eabi/lib/thumb/v7-m/nofp\libc_nano.a(libc_a-memset.o)
 .ARM.attributes
                0x00000476       0x2d C:/ST/STM32CubeIDE_1.19.0/STM32CubeIDE/plugins/com.st.stm32cube.ide.mcu.externaltools.gnu-tools-for-stm32.13.3.rel1.win32_1.0.0.202411081344/tools/bin/../lib/gcc/arm-none-eabi/13.3.1/../../../../arm-none-eabi/lib/thumb/v7-m/nofp\libc_nano.a(libc_a-init.o)
 .ARM.attributes
                0x000004a3       0x1d C:/ST/STM32CubeIDE_1.19.0/STM32CubeIDE/plugins/com.st.stm32cube.ide.mcu.externaltools.gnu-tools-for-stm32.13.3.rel1.win32_1.0.0.202411081344/tools/bin/../lib/gcc/arm-none-eabi/13.3.1/thumb/v7-m/nofp/crtn.o
OUTPUT(Z8F0421_Dump.elf elf32-littlearm)
LOAD linker stubs
LOAD C:/ST/STM32CubeIDE_1.19.0/STM32CubeIDE/plugins/com.st.stm32cube.ide.mcu.externaltools.gnu-tools-for-stm32.13.3.rel1.win32_1.0.0.202411081344/tools/bin/../lib/gcc/arm-none-eabi/13.3.1/../../../../arm-none-eabi/lib/thumb/v7-m/nofp\libc.a
LOAD C:/ST/STM32CubeIDE_1.19.0/STM32CubeIDE/plugins/com.st.stm32cube.ide.mcu.externaltools.gnu-tools-for-stm32.13.3.rel1.win32_1.0.0.202411081344/tools/bin/../lib/gcc/arm-none-eabi/13.3.1/../../../../arm-none-eabi/lib/thumb/v7-m/nofp\libm.a
LOAD C:/ST/STM32CubeIDE_1.19.0/STM32CubeIDE/plugins/com.st.stm32cube.ide.mcu.externaltools.gnu-tools-for-stm32.13.3.rel1.win32_1.0.0.202411081344/tools/bin/../lib/gcc/arm-none-eabi/13.3.1/thumb/v7-m/nofp\libgcc.a

.debug_info     0x00000000    0x10152
 .debug_info    0x00000000      0xa7b ./Core/Src/firmware.o
 .debug_info    0x00000a7b      0xa5e ./Core/Src/main.o
 .debug_info    0x000014d9      0x7f8 ./Core/Src/stm32f1xx_hal_msp.o
 .debug_info    0x00001cd1      0x602 ./Core/Src/stm32f1xx_it.o
 .debug_info    0x000022d3      0x222 ./Core/Src/system_stm32f1xx.o
 .debug_info    0x000024f5       0x30 ./Core/Startup/startup_stm32f103c8tx.o
 .debug_info    0x00002525      0x704 ./Drivers/STM32F1xx_HAL_Driver/Src/stm32f1xx_hal.o
 .debug_info    0x00002c29      0xa87 ./Drivers/STM32F1xx_HAL_Driver/Src/stm32f1xx_hal_cortex.o
 .debug_info    0x000036b0      0x5ab ./Drivers/STM32F1xx_HAL_Driver/Src/stm32f1xx_hal_gpio.o
 .debug_info    0x00003c5b     0x16dc ./Drivers/STM32F1xx_HAL_Driver/Src/stm32f1xx_hal_pcd.o
 .debug_info    0x00005337      0x6c3 ./Drivers/STM32F1xx_HAL_Driver/Src/stm32f1xx_hal_pcd_ex.o
 .debug_info    0x000059fa      0x7d5 ./Drivers/STM32F1xx_HAL_Driver/Src/stm32f1xx_hal_rcc.o
 .debug_info    0x000061cf      0x3c0 ./Drivers/STM32F1xx_HAL_Driver/Src/stm32f1xx_hal_rcc_ex.o
 .debug_info    0x0000658f     0x2eed ./Drivers/STM32F1xx_HAL_Driver/Src/stm32f1xx_hal_uart.o
 .debug_info    0x0000947c     0x17ae ./Drivers/STM32F1xx_HAL_Driver/Src/stm32f1xx_ll_usb.o
 .debug_info    0x0000ac2a     0x1043 ./Middlewares/ST/STM32_USB_Device_Library/Class/CDC/Src/usbd_cdc.o
 .debug_info    0x0000bc6d      0xa52 ./Middlewares/ST/STM32_USB_Device_Library/Core/Src/usbd_core.o
 .debug_info    0x0000c6bf      0x91c ./Middlewares/ST/STM32_USB_Device_Library/Core/Src/usbd_ctlreq.o
 .debug_info    0x0000cfdb      0x6a0 ./Middlewares/ST/STM32_USB_Device_Library/Core/Src/usbd_ioreq.o
 .debug_info    0x0000d67b      0x63d ./USB_DEVICE/App/usb_device.o
 .debug_info    0x0000dcb8      0x7ec ./USB_DEVICE/App/usbd_cdc_if.o
 .debug_info    0x0000e4a4      0x44a ./USB_DEVICE/App/usbd_desc.o
 .debug_info    0x0000e8ee     0x1864 ./USB_DEVICE/Target/usbd_conf.o

.debug_abbrev   0x00000000     0x2f97
 .debug_abbrev  0x00000000      0x239 ./Core/Src/firmware.o
 .debug_abbrev  0x00000239      0x272 ./Core/Src/main.o
 .debug_abbrev  0x000004ab      0x1ab ./Core/Src/stm32f1xx_hal_msp.o
 .debug_abbrev  0x00000656      0x192 ./Core/Src/stm32f1xx_it.o
 .debug_abbrev  0x000007e8      0x13f ./Core/Src/system_stm32f1xx.o
 .debug_abbrev  0x00000927       0x24 ./Core/Startup/startup_stm32f103c8tx.o
 .debug_abbrev  0x0000094b      0x201 ./Drivers/STM32F1xx_HAL_Driver/Src/stm32f1xx_hal.o
 .debug_abbrev  0x00000b4c      0x2f8 ./Drivers/STM32F1xx_HAL_Driver/Src/stm32f1xx_hal_cortex.o
 .debug_abbrev  0x00000e44      0x1ca ./Drivers/STM32F1xx_HAL_Driver/Src/stm32f1xx_hal_gpio.o
 .debug_abbrev  0x0000100e      0x2d6 ./Drivers/STM32F1xx_HAL_Driver/Src/stm32f1xx_hal_pcd.o
 .debug_abbrev  0x000012e4      0x189 ./Drivers/STM32F1xx_HAL_Driver/Src/stm32f1xx_hal_pcd_ex.o
 .debug_abbrev  0x0000146d      0x2b3 ./Drivers/STM32F1xx_HAL_Driver/Src/stm32f1xx_hal_rcc.o
 .debug_abbrev  0x00001720      0x188 ./Drivers/STM32F1xx_HAL_Driver/Src/stm32f1xx_hal_rcc_ex.o
 .debug_abbrev  0x000018a8      0x2f8 ./Drivers/STM32F1xx_HAL_Driver/Src/stm32f1xx_hal_uart.o
 .debug_abbrev  0x00001ba0      0x1de ./Drivers/STM32F1xx_HAL_Driver/Src/stm32f1xx_ll_usb.o
 .debug_abbrev  0x00001d7e      0x2d3 ./Middlewares/ST/STM32_USB_Device_Library/Class/CDC/Src/usbd_cdc.o
 .debug_abbrev  0x00002051      0x24a ./Middlewares/ST/STM32_USB_Device_Library/Core/Src/usbd_core.o
 .debug_abbrev  0x0000229b      0x26b ./Middlewares/ST/STM32_USB_Device_Library/Core/Src/usbd_ctlreq.o
 .debug_abbrev  0x00002506      0x192 ./Middlewares/ST/STM32_USB_Device_Library/Core/Src/usbd_ioreq.o
 .debug_abbrev  0x00002698      0x18d ./USB_DEVICE/App/usb_device.o
 .debug_abbrev  0x00002825      0x25d ./USB_DEVICE/App/usbd_cdc_if.o
 .debug_abbrev  0x00002a82      0x1ff ./USB_DEVICE/App/usbd_desc.o
 .debug_abbrev  0x00002c81      0x316 ./USB_DEVICE/Target/usbd_conf.o

.debug_aranges  0x00000000      0xd00
 .debug_aranges
                0x00000000       0x70 ./Core/Src/firmware.o
 .debug_aranges
                0x00000070       0x40 ./Core/Src/main.o
 .debug_aranges
                0x000000b0       0x30 ./Core/Src/stm32f1xx_hal_msp.o
 .debug_aranges
                0x000000e0       0x68 ./Core/Src/stm32f1xx_it.o
 .debug_aranges
                0x00000148       0x28 ./Core/Src/system_stm32f1xx.o
 .debug_aranges
                0x00000170       0x28 ./Core/Startup/startup_stm32f103c8tx.o
 .debug_aranges
                0x00000198       0xe0 ./Drivers/STM32F1xx_HAL_Driver/Src/stm32f1xx_hal.o
 .debug_aranges
                0x00000278      0x100 ./Drivers/STM32F1xx_HAL_Driver/Src/stm32f1xx_hal_cortex.o
 .debug_aranges
                0x00000378       0x58 ./Drivers/STM32F1xx_HAL_Driver/Src/stm32f1xx_hal_gpio.o
 .debug_aranges
                0x000003d0      0x140 ./Drivers/STM32F1xx_HAL_Driver/Src/stm32f1xx_hal_pcd.o
 .debug_aranges
                0x00000510       0x38 ./Drivers/STM32F1xx_HAL_Driver/Src/stm32f1xx_hal_pcd_ex.o
 .debug_aranges
                0x00000548       0x90 ./Drivers/STM32F1xx_HAL_Driver/Src/stm32f1xx_hal_rcc.o
 .debug_aranges
                0x000005d8       0x30 ./Drivers/STM32F1xx_HAL_Driver/Src/stm32f1xx_hal_rcc_ex.o
 .debug_aranges
                0x00000608      0x208 ./Drivers/STM32F1xx_HAL_Driver/Src/stm32f1xx_hal_uart.o
 .debug_aranges
                0x00000810       0xf8 ./Drivers/STM32F1xx_HAL_Driver/Src/stm32f1xx_ll_usb.o
 .debug_aranges
                0x00000908       0x90 ./Middlewares/ST/STM32_USB_Device_Library/Class/CDC/Src/usbd_cdc.o
 .debug_aranges
                0x00000998       0xb8 ./Middlewares/ST/STM32_USB_Device_Library/Core/Src/usbd_core.o
 .debug_aranges
                0x00000a50       0x88 ./Middlewares/ST/STM32_USB_Device_Library/Core/Src/usbd_ctlreq.o
 .debug_aranges
                0x00000ad8       0x50 ./Middlewares/ST/STM32_USB_Device_Library/Core/Src/usbd_ioreq.o
 .debug_aranges
                0x00000b28       0x20 ./USB_DEVICE/App/usb_device.o
 .debug_aranges
                0x00000b48       0x40 ./USB_DEVICE/App/usbd_cdc_if.o
 .debug_aranges
                0x00000b88       0x60 ./USB_DEVICE/App/usbd_desc.o
 .debug_aranges
                0x00000be8      0x118 ./USB_DEVICE/Target/usbd_conf.o

.debug_rnglists
                0x00000000      0x9b7
 .debug_rnglists
                0x00000000       0x4f ./Core/Src/firmware.o
 .debug_rnglists
                0x0000004f       0x2d ./Core/Src/main.o
 .debug_rnglists
                0x0000007c       0x20 ./Core/Src/stm32f1xx_hal_msp.o
 .debug_rnglists
                0x0000009c       0x49 ./Core/Src/stm32f1xx_it.o
 .debug_rnglists
                0x000000e5       0x1a ./Core/Src/system_stm32f1xx.o
 .debug_rnglists
                0x000000ff       0x19 ./Core/Startup/startup_stm32f103c8tx.o
 .debug_rnglists
                0x00000118       0xa3 ./Drivers/STM32F1xx_HAL_Driver/Src/stm32f1xx_hal.o
 .debug_rnglists
                0x000001bb       0xbb ./Drivers/STM32F1xx_HAL_Driver/Src/stm32f1xx_hal_cortex.o
 .debug_rnglists
                0x00000276       0x3f ./Drivers/STM32F1xx_HAL_Driver/Src/stm32f1xx_hal_gpio.o
 .debug_rnglists
                0x000002b5       0xf4 ./Drivers/STM32F1xx_HAL_Driver/Src/stm32f1xx_hal_pcd.o
 .debug_rnglists
                0x000003a9       0x26 ./Drivers/STM32F1xx_HAL_Driver/Src/stm32f1xx_hal_pcd_ex.o
 .debug_rnglists
                0x000003cf       0x6c ./Drivers/STM32F1xx_HAL_Driver/Src/stm32f1xx_hal_rcc.o
 .debug_rnglists
                0x0000043b       0x21 ./Drivers/STM32F1xx_HAL_Driver/Src/stm32f1xx_hal_rcc_ex.o
 .debug_rnglists
                0x0000045c      0x1bc ./Drivers/STM32F1xx_HAL_Driver/Src/stm32f1xx_hal_uart.o
 .debug_rnglists
                0x00000618       0xbd ./Drivers/STM32F1xx_HAL_Driver/Src/stm32f1xx_ll_usb.o
 .debug_rnglists
                0x000006d5       0x6a ./Middlewares/ST/STM32_USB_Device_Library/Class/CDC/Src/usbd_cdc.o
 .debug_rnglists
                0x0000073f       0x89 ./Middlewares/ST/STM32_USB_Device_Library/Core/Src/usbd_core.o
 .debug_rnglists
                0x000007c8       0x68 ./Middlewares/ST/STM32_USB_Device_Library/Core/Src/usbd_ctlreq.o
 .debug_rnglists
                0x00000830       0x37 ./Middlewares/ST/STM32_USB_Device_Library/Core/Src/usbd_ioreq.o
 .debug_rnglists
                0x00000867       0x13 ./USB_DEVICE/App/usb_device.o
 .debug_rnglists
                0x0000087a       0x2c ./USB_DEVICE/App/usbd_cdc_if.o
 .debug_rnglists
                0x000008a6       0x43 ./USB_DEVICE/App/usbd_desc.o
 .debug_rnglists
                0x000008e9       0xce ./USB_DEVICE/Target/usbd_conf.o

.debug_macro    0x00000000     0x4672
 .debug_macro   0x00000000      0x1fd ./Core/Src/firmware.o
 .debug_macro   0x000001fd      0x325 ./Core/Src/main.o
 .debug_macro   0x00000522       0x61 ./Core/Src/main.o
 .debug_macro   0x00000583       0x24 ./Core/Src/main.o
 .debug_macro   0x000005a7       0x43 ./Core/Src/main.o
 .debug_macro   0x000005ea       0x34 ./Core/Src/main.o
 .debug_macro   0x0000061e       0x16 ./Core/Src/main.o
 .debug_macro   0x00000634       0x3c ./Core/Src/main.o
 .debug_macro   0x00000670      0x370 ./Core/Src/main.o
 .debug_macro   0x000009e0       0x10 ./Core/Src/main.o
 .debug_macro   0x000009f0       0x16 ./Core/Src/main.o
 .debug_macro   0x00000a06       0x4a ./Core/Src/main.o
 .debug_macro   0x00000a50       0x34 ./Core/Src/main.o
 .debug_macro   0x00000a84       0x10 ./Core/Src/main.o
 .debug_macro   0x00000a94       0x58 ./Core/Src/main.o
 .debug_macro   0x00000aec       0x8e ./Core/Src/main.o
 .debug_macro   0x00000b7a       0x1c ./Core/Src/main.o
 .debug_macro   0x00000b96      0x185 ./Core/Src/main.o
 .debug_macro   0x00000d1b       0x16 ./Core/Src/main.o
 .debug_macro   0x00000d31       0x16 ./Core/Src/main.o
 .debug_macro   0x00000d47      0x146 ./Core/Src/main.o
 .debug_macro   0x00000e8d       0x16 ./Core/Src/main.o
 .debug_macro   0x00000ea3       0x16 ./Core/Src/main.o
 .debug_macro   0x00000eb9       0x29 ./Core/Src/main.o
 .debug_macro   0x00000ee2       0x16 ./Core/Src/main.o
 .debug_macro   0x00000ef8       0x20 ./Core/Src/main.o
 .debug_macro   0x00000f18       0x5f ./Core/Src/main.o
 .debug_macro   0x00000f77      0x1c8 ./Core/Src/main.o
 .debug_macro   0x0000113f      0x1c1 ./Core/Src/stm32f1xx_hal_msp.o
 .debug_macro   0x00001300      0x1cb ./Core/Src/stm32f1xx_it.o
 .debug_macro   0x000014cb      0x1b2 ./Core/Src/system_stm32f1xx.o
 .debug_macro   0x0000167d      0x1d6 ./Drivers/STM32F1xx_HAL_Driver/Src/stm32f1xx_hal.o
 .debug_macro   0x00001853      0x1b2 ./Drivers/STM32F1xx_HAL_Driver/Src/stm32f1xx_hal_cortex.o
 .debug_macro   0x00001a05      0x21d ./Drivers/STM32F1xx_HAL_Driver/Src/stm32f1xx_hal_gpio.o
 .debug_macro   0x00001c22      0x1be ./Drivers/STM32F1xx_HAL_Driver/Src/stm32f1xx_hal_pcd.o
 .debug_macro   0x00001de0      0x1b2 ./Drivers/STM32F1xx_HAL_Driver/Src/stm32f1xx_hal_pcd_ex.o
 .debug_macro   0x00001f92      0x1c4 ./Drivers/STM32F1xx_HAL_Driver/Src/stm32f1xx_hal_rcc.o
 .debug_macro   0x00002156      0x1b2 ./Drivers/STM32F1xx_HAL_Driver/Src/stm32f1xx_hal_rcc_ex.o
 .debug_macro   0x00002308      0x1b3 ./Drivers/STM32F1xx_HAL_Driver/Src/stm32f1xx_hal_uart.o
 .debug_macro   0x000024bb      0x1b2 ./Drivers/STM32F1xx_HAL_Driver/Src/stm32f1xx_ll_usb.o
 .debug_macro   0x0000266d      0x350 ./Middlewares/ST/STM32_USB_Device_Library/Class/CDC/Src/usbd_cdc.o
 .debug_macro   0x000029bd       0x9e ./Middlewares/ST/STM32_USB_Device_Library/Class/CDC/Src/usbd_cdc.o
 .debug_macro   0x00002a5b      0x112 ./Middlewares/ST/STM32_USB_Device_Library/Class/CDC/Src/usbd_cdc.o
 .debug_macro   0x00002b6d       0x56 ./Middlewares/ST/STM32_USB_Device_Library/Class/CDC/Src/usbd_cdc.o
 .debug_macro   0x00002bc3       0x8f ./Middlewares/ST/STM32_USB_Device_Library/Class/CDC/Src/usbd_cdc.o
 .debug_macro   0x00002c52      0x337 ./Middlewares/ST/STM32_USB_Device_Library/Core/Src/usbd_core.o
 .debug_macro   0x00002f89      0x1ce ./Middlewares/ST/STM32_USB_Device_Library/Core/Src/usbd_core.o
 .debug_macro   0x00003157      0x341 ./Middlewares/ST/STM32_USB_Device_Library/Core/Src/usbd_ctlreq.o
 .debug_macro   0x00003498      0x33d ./Middlewares/ST/STM32_USB_Device_Library/Core/Src/usbd_ioreq.o
 .debug_macro   0x000037d5      0x370 ./USB_DEVICE/App/usb_device.o
 .debug_macro   0x00003b45       0xa6 ./USB_DEVICE/App/usb_device.o
 .debug_macro   0x00003beb       0x22 ./USB_DEVICE/App/usb_device.o
 .debug_macro   0x00003c0d       0x16 ./USB_DEVICE/App/usb_device.o
 .debug_macro   0x00003c23      0x35b ./USB_DEVICE/App/usbd_cdc_if.o
 .debug_macro   0x00003f7e       0x10 ./USB_DEVICE/App/usbd_cdc_if.o
 .debug_macro   0x00003f8e      0x374 ./USB_DEVICE/App/usbd_desc.o
 .debug_macro   0x00004302       0x1c ./USB_DEVICE/App/usbd_desc.o
 .debug_macro   0x0000431e      0x354 ./USB_DEVICE/Target/usbd_conf.o

.debug_line     0x00000000    0x1134c
 .debug_line    0x00000000      0x8d6 ./Core/Src/firmware.o
 .debug_line    0x000008d6      0xa41 ./Core/Src/main.o
 .debug_line    0x00001317      0x75c ./Core/Src/stm32f1xx_hal_msp.o
 .debug_line    0x00001a73      0x7d9 ./Core/Src/stm32f1xx_it.o
 .debug_line    0x0000224c      0x791 ./Core/Src/system_stm32f1xx.o
 .debug_line    0x000029dd       0x78 ./Core/Startup/startup_stm32f103c8tx.o
 .debug_line    0x00002a55      0x9c2 ./Drivers/STM32F1xx_HAL_Driver/Src/stm32f1xx_hal.o
 .debug_line    0x00003417      0xb8c ./Drivers/STM32F1xx_HAL_Driver/Src/stm32f1xx_hal_cortex.o
 .debug_line    0x00003fa3      0xa1f ./Drivers/STM32F1xx_HAL_Driver/Src/stm32f1xx_hal_gpio.o
 .debug_line    0x000049c2     0x1347 ./Drivers/STM32F1xx_HAL_Driver/Src/stm32f1xx_hal_pcd.o
 .debug_line    0x00005d09      0x78c ./Drivers/STM32F1xx_HAL_Driver/Src/stm32f1xx_hal_pcd_ex.o
 .debug_line    0x00006495      0xe7b ./Drivers/STM32F1xx_HAL_Driver/Src/stm32f1xx_hal_rcc.o
 .debug_line    0x00007310      0x92c ./Drivers/STM32F1xx_HAL_Driver/Src/stm32f1xx_hal_rcc_ex.o
 .debug_line    0x00007c3c     0x24de ./Drivers/STM32F1xx_HAL_Driver/Src/stm32f1xx_hal_uart.o
 .debug_line    0x0000a11a     0x1132 ./Drivers/STM32F1xx_HAL_Driver/Src/stm32f1xx_ll_usb.o
 .debug_line    0x0000b24c      0xd1b ./Middlewares/ST/STM32_USB_Device_Library/Class/CDC/Src/usbd_cdc.o
 .debug_line    0x0000bf67      0xd70 ./Middlewares/ST/STM32_USB_Device_Library/Core/Src/usbd_core.o
 .debug_line    0x0000ccd7      0xfba ./Middlewares/ST/STM32_USB_Device_Library/Core/Src/usbd_ctlreq.o
 .debug_line    0x0000dc91      0xa26 ./Middlewares/ST/STM32_USB_Device_Library/Core/Src/usbd_ioreq.o
 .debug_line    0x0000e6b7      0x9f6 ./USB_DEVICE/App/usb_device.o
 .debug_line    0x0000f0ad      0xa2e ./USB_DEVICE/App/usbd_cdc_if.o
 .debug_line    0x0000fadb      0xa9f ./USB_DEVICE/App/usbd_desc.o
 .debug_line    0x0001057a      0xdd2 ./USB_DEVICE/Target/usbd_conf.o

.debug_str      0x00000000    0x87110
 .debug_str     0x00000000    0x87110 ./Core/Src/firmware.o
                              0x7fcdc (size before relaxing)
 .debug_str     0x00087110    0x83f72 ./Core/Src/main.o
 .debug_str     0x00087110    0x7faa2 ./Core/Src/stm32f1xx_hal_msp.o
 .debug_str     0x00087110    0x7f9fc ./Core/Src/stm32f1xx_it.o
 .debug_str     0x00087110    0x7f444 ./Core/Src/system_stm32f1xx.o
 .debug_str     0x00087110       0x86 ./Core/Startup/startup_stm32f103c8tx.o
 .debug_str     0x00087110    0x7fb77 ./Drivers/STM32F1xx_HAL_Driver/Src/stm32f1xx_hal.o
 .debug_str     0x00087110    0x7fac3 ./Drivers/STM32F1xx_HAL_Driver/Src/stm32f1xx_hal_cortex.o
 .debug_str     0x00087110    0x7f7ca ./Drivers/STM32F1xx_HAL_Driver/Src/stm32f1xx_hal_gpio.o
 .debug_str     0x00087110    0x7fd61 ./Drivers/STM32F1xx_HAL_Driver/Src/stm32f1xx_hal_pcd.o
 .debug_str     0x00087110    0x7f8c3 ./Drivers/STM32F1xx_HAL_Driver/Src/stm32f1xx_hal_pcd_ex.o
 .debug_str     0x00087110    0x7f873 ./Drivers/STM32F1xx_HAL_Driver/Src/stm32f1xx_hal_rcc.o
 .debug_str     0x00087110    0x7f5c3 ./Drivers/STM32F1xx_HAL_Driver/Src/stm32f1xx_hal_rcc_ex.o
 .debug_str     0x00087110    0x7fee4 ./Drivers/STM32F1xx_HAL_Driver/Src/stm32f1xx_hal_uart.o
 .debug_str     0x00087110    0x7f915 ./Drivers/STM32F1xx_HAL_Driver/Src/stm32f1xx_ll_usb.o
 .debug_str     0x00087110    0x845b4 ./Middlewares/ST/STM32_USB_Device_Library/Class/CDC/Src/usbd_cdc.o
 .debug_str     0x00087110    0x83ee4 ./Middlewares/ST/STM32_USB_Device_Library/Core/Src/usbd_core.o
 .debug_str     0x00087110    0x83dfe ./Middlewares/ST/STM32_USB_Device_Library/Core/Src/usbd_ctlreq.o
 .debug_str     0x00087110    0x83d2b ./Middlewares/ST/STM32_USB_Device_Library/Core/Src/usbd_ioreq.o
 .debug_str     0x00087110    0x840b6 ./USB_DEVICE/App/usb_device.o
 .debug_str     0x00087110    0x840dc ./USB_DEVICE/App/usbd_cdc_if.o
 .debug_str     0x00087110    0x83c65 ./USB_DEVICE/App/usbd_desc.o
 .debug_str     0x00087110    0x84b41 ./USB_DEVICE/Target/usbd_conf.o

.comment        0x00000000       0x43
 .comment       0x00000000       0x43 ./Core/Src/firmware.o
                                 0x44 (size before relaxing)
 .comment       0x00000043       0x44 ./Core/Src/main.o
 .comment       0x00000043       0x44 ./Core/Src/stm32f1xx_hal_msp.o
 .comment       0x00000043       0x44 ./Core/Src/stm32f1xx_it.o
 .comment       0x00000043       0x44 ./Core/Src/system_stm32f1xx.o
 .comment       0x00000043       0x44 ./Drivers/STM32F1xx_HAL_Driver/Src/stm32f1xx_hal.o
 .comment       0x00000043       0x44 ./Drivers/STM32F1xx_HAL_Driver/Src/stm32f1xx_hal_cortex.o
 .comment       0x00000043       0x44 ./Drivers/STM32F1xx_HAL_Driver/Src/stm32f1xx_hal_gpio.o
 .comment       0x00000043       0x44 ./Drivers/STM32F1xx_HAL_Driver/Src/stm32f1xx_hal_pcd.o
 .comment       0x00000043       0x44 ./Drivers/STM32F1xx_HAL_Driver/Src/stm32f1xx_hal_pcd_ex.o
 .comment       0x00000043       0x44 ./Drivers/STM32F1xx_HAL_Driver/Src/stm32f1xx_hal_rcc.o
 .comment       0x00000043       0x44 ./Drivers/STM32F1xx_HAL_Driver/Src/stm32f1xx_hal_rcc_ex.o
 .comment       0x00000043       0x44 ./Drivers/STM32F1xx_HAL_Driver/Src/stm32f1xx_hal_uart.o
 .comment       0x00000043       0x44 ./Drivers/STM32F1xx_HAL_Driver/Src/stm32f1xx_ll_usb.o
 .comment       0x00000043       0x44 ./Middlewares/ST/STM32_USB_Device_Library/Class/CDC/Src/usbd_cdc.o
 .comment       0x00000043       0x44 ./Middlewares/ST/STM32_USB_Device_Library/Core/Src/usbd_core.o
 .comment       0x00000043       0x44 ./Middlewares/ST/STM32_USB_Device_Library/Core/Src/usbd_ctlreq.o
 .comment       0x00000043       0x44 ./Middlewares/ST/STM32_USB_Device_Library/Core/Src/usbd_ioreq.o
 .comment       0x00000043       0x44 ./USB_DEVICE/App/usb_device.o
 .comment       0x00000043       0x44 ./USB_DEVICE/App/usbd_cdc_if.o
 .comment       0x00000043       0x44 ./USB_DEVICE/App/usbd_desc.o
 .comment       0x00000043       0x44 ./USB_DEVICE/Target/usbd_conf.o

.debug_frame    0x00000000     0x330c
 .debug_frame   0x00000000      0x190 ./Core/Src/firmware.o
 .debug_frame   0x00000190       0xa8 ./Core/Src/main.o
 .debug_frame   0x00000238       0x80 ./Core/Src/stm32f1xx_hal_msp.o
 .debug_frame   0x000002b8      0x120 ./Core/Src/stm32f1xx_it.o
 .debug_frame   0x000003d8       0x58 ./Core/Src/system_stm32f1xx.o
 .debug_frame   0x00000430      0x334 ./Drivers/STM32F1xx_HAL_Driver/Src/stm32f1xx_hal.o
 .debug_frame   0x00000764      0x428 ./Drivers/STM32F1xx_HAL_Driver/Src/stm32f1xx_hal_cortex.o
 .debug_frame   0x00000b8c      0x14c ./Drivers/STM32F1xx_HAL_Driver/Src/stm32f1xx_hal_gpio.o
 .debug_frame   0x00000cd8      0x594 ./Drivers/STM32F1xx_HAL_Driver/Src/stm32f1xx_hal_pcd.o
 .debug_frame   0x0000126c       0xb0 ./Drivers/STM32F1xx_HAL_Driver/Src/stm32f1xx_hal_pcd_ex.o
 .debug_frame   0x0000131c      0x218 ./Drivers/STM32F1xx_HAL_Driver/Src/stm32f1xx_hal_rcc.o
 .debug_frame   0x00001534       0x80 ./Drivers/STM32F1xx_HAL_Driver/Src/stm32f1xx_hal_rcc_ex.o
 .debug_frame   0x000015b4      0x944 ./Drivers/STM32F1xx_HAL_Driver/Src/stm32f1xx_hal_uart.o
 .debug_frame   0x00001ef8      0x470 ./Drivers/STM32F1xx_HAL_Driver/Src/stm32f1xx_ll_usb.o
 .debug_frame   0x00002368      0x248 ./Middlewares/ST/STM32_USB_Device_Library/Class/CDC/Src/usbd_cdc.o
 .debug_frame   0x000025b0      0x300 ./Middlewares/ST/STM32_USB_Device_Library/Core/Src/usbd_core.o
 .debug_frame   0x000028b0      0x218 ./Middlewares/ST/STM32_USB_Device_Library/Core/Src/usbd_ctlreq.o
 .debug_frame   0x00002ac8      0x10c ./Middlewares/ST/STM32_USB_Device_Library/Core/Src/usbd_ioreq.o
 .debug_frame   0x00002bd4       0x2c ./USB_DEVICE/App/usb_device.o
 .debug_frame   0x00002c00       0xbc ./USB_DEVICE/App/usbd_cdc_if.o
 .debug_frame   0x00002cbc      0x160 ./USB_DEVICE/App/usbd_desc.o
 .debug_frame   0x00002e1c      0x4a4 ./USB_DEVICE/Target/usbd_conf.o
 .debug_frame   0x000032c0       0x20 C:/ST/STM32CubeIDE_1.19.0/STM32CubeIDE/plugins/com.st.stm32cube.ide.mcu.externaltools.gnu-tools-for-stm32.13.3.rel1.win32_1.0.0.202411081344/tools/bin/../lib/gcc/arm-none-eabi/13.3.1/../../../../arm-none-eabi/lib/thumb/v7-m/nofp\libc_nano.a(libc_a-memset.o)
 .debug_frame   0x000032e0       0x2c C:/ST/STM32CubeIDE_1.19.0/STM32CubeIDE/plugins/com.st.stm32cube.ide.mcu.externaltools.gnu-tools-for-stm32.13.3.rel1.win32_1.0.0.202411081344/tools/bin/../lib/gcc/arm-none-eabi/13.3.1/../../../../arm-none-eabi/lib/thumb/v7-m/nofp\libc_nano.a(libc_a-init.o)

.debug_line_str
                0x00000000       0x6a
 .debug_line_str
                0x00000000       0x6a ./Core/Startup/startup_stm32f103c8tx.o
