../Core/Src/firmware.c:36:6:delay_us	24	static
../Core/Src/firmware.c:43:6:toggleXIN	8	static
../Core/Src/firmware.c:51:6:setSelector	16	static
../Core/Src/firmware.c:58:6:setPortADirectionInput	24	static
../Core/Src/firmware.c:66:6:setPortADirectionOutput	24	static
../Core/Src/firmware.c:75:6:writePortA	24	static
../Core/Src/firmware.c:84:9:readPortA	16	static
../Core/Src/firmware.c:94:6:sendOCD	16	static
../Core/Src/firmware.c:100:6:enterBypassMode	8	static
../Core/Src/firmware.c:107:9:readByte	24	static
../Core/Src/firmware.c:128:6:fwmain	56	static
