../Core/Src/firmware.c:26:13:dio_set_output	24	static
../Core/Src/firmware.c:36:13:dio_set_input	24	static
../Core/Src/firmware.c:45:13:dio_write	24	static
../Core/Src/firmware.c:51:16:dio_read	16	static
../Core/Src/firmware.c:60:13:sel_write	16	static
../Core/Src/firmware.c:66:13:clk_pulse	8	static,ignoring_inline_asm
../Core/Src/firmware.c:73:13:target_reset_assert	8	static
../Core/Src/firmware.c:77:13:target_reset_release	8	static
../Core/Src/firmware.c:82:13:send_bypass_sequence	16	static
../Core/Src/firmware.c:103:16:read_byte	32	static
../Core/Src/firmware.c:126:13:dump_flash	96	static
../Core/Src/firmware.c:143:6:fwsetup	8	static
../Core/Src/firmware.c:149:6:fwloop	8	static
